Archive member included to satisfy reference by file (symbol)

d:/st/stm32cubeide_1.6.0/stm32cubeide/plugins/com.st.stm32cube.ide.mcu.externaltools.gnu-tools-for-stm32.9-2020-q2-update.win32_1.5.0.202011040924/tools/bin/../lib/gcc/arm-none-eabi/9.3.1/../../../../arm-none-eabi/lib/thumb/v7-m/nofp\libc_nano.a(lib_a-errno.o)
                              Core/Src/syscalls.o (__errno)
d:/st/stm32cubeide_1.6.0/stm32cubeide/plugins/com.st.stm32cube.ide.mcu.externaltools.gnu-tools-for-stm32.9-2020-q2-update.win32_1.5.0.202011040924/tools/bin/../lib/gcc/arm-none-eabi/9.3.1/../../../../arm-none-eabi/lib/thumb/v7-m/nofp\libc_nano.a(lib_a-exit.o)
                              d:/st/stm32cubeide_1.6.0/stm32cubeide/plugins/com.st.stm32cube.ide.mcu.externaltools.gnu-tools-for-stm32.9-2020-q2-update.win32_1.5.0.202011040924/tools/bin/../lib/gcc/arm-none-eabi/9.3.1/../../../../arm-none-eabi/lib/thumb/v7-m/nofp/crt0.o (exit)
d:/st/stm32cubeide_1.6.0/stm32cubeide/plugins/com.st.stm32cube.ide.mcu.externaltools.gnu-tools-for-stm32.9-2020-q2-update.win32_1.5.0.202011040924/tools/bin/../lib/gcc/arm-none-eabi/9.3.1/../../../../arm-none-eabi/lib/thumb/v7-m/nofp\libc_nano.a(lib_a-impure.o)
                              d:/st/stm32cubeide_1.6.0/stm32cubeide/plugins/com.st.stm32cube.ide.mcu.externaltools.gnu-tools-for-stm32.9-2020-q2-update.win32_1.5.0.202011040924/tools/bin/../lib/gcc/arm-none-eabi/9.3.1/../../../../arm-none-eabi/lib/thumb/v7-m/nofp\libc_nano.a(lib_a-exit.o) (_global_impure_ptr)
d:/st/stm32cubeide_1.6.0/stm32cubeide/plugins/com.st.stm32cube.ide.mcu.externaltools.gnu-tools-for-stm32.9-2020-q2-update.win32_1.5.0.202011040924/tools/bin/../lib/gcc/arm-none-eabi/9.3.1/../../../../arm-none-eabi/lib/thumb/v7-m/nofp\libc_nano.a(lib_a-init.o)
                              d:/st/stm32cubeide_1.6.0/stm32cubeide/plugins/com.st.stm32cube.ide.mcu.externaltools.gnu-tools-for-stm32.9-2020-q2-update.win32_1.5.0.202011040924/tools/bin/../lib/gcc/arm-none-eabi/9.3.1/../../../../arm-none-eabi/lib/thumb/v7-m/nofp/crt0.o (__libc_init_array)
d:/st/stm32cubeide_1.6.0/stm32cubeide/plugins/com.st.stm32cube.ide.mcu.externaltools.gnu-tools-for-stm32.9-2020-q2-update.win32_1.5.0.202011040924/tools/bin/../lib/gcc/arm-none-eabi/9.3.1/../../../../arm-none-eabi/lib/thumb/v7-m/nofp\libc_nano.a(lib_a-memset.o)
                              d:/st/stm32cubeide_1.6.0/stm32cubeide/plugins/com.st.stm32cube.ide.mcu.externaltools.gnu-tools-for-stm32.9-2020-q2-update.win32_1.5.0.202011040924/tools/bin/../lib/gcc/arm-none-eabi/9.3.1/../../../../arm-none-eabi/lib/thumb/v7-m/nofp/crt0.o (memset)
d:/st/stm32cubeide_1.6.0/stm32cubeide/plugins/com.st.stm32cube.ide.mcu.externaltools.gnu-tools-for-stm32.9-2020-q2-update.win32_1.5.0.202011040924/tools/bin/../lib/gcc/arm-none-eabi/9.3.1/../../../../arm-none-eabi/lib/thumb/v7-m/nofp\libc_nano.a(lib_a-vsprintf.o)
                              Core/Src/main.o (vsprintf)
d:/st/stm32cubeide_1.6.0/stm32cubeide/plugins/com.st.stm32cube.ide.mcu.externaltools.gnu-tools-for-stm32.9-2020-q2-update.win32_1.5.0.202011040924/tools/bin/../lib/gcc/arm-none-eabi/9.3.1/../../../../arm-none-eabi/lib/thumb/v7-m/nofp\libc_nano.a(lib_a-nano-svfprintf.o)
                              d:/st/stm32cubeide_1.6.0/stm32cubeide/plugins/com.st.stm32cube.ide.mcu.externaltools.gnu-tools-for-stm32.9-2020-q2-update.win32_1.5.0.202011040924/tools/bin/../lib/gcc/arm-none-eabi/9.3.1/../../../../arm-none-eabi/lib/thumb/v7-m/nofp\libc_nano.a(lib_a-vsprintf.o) (_svfprintf_r)
d:/st/stm32cubeide_1.6.0/stm32cubeide/plugins/com.st.stm32cube.ide.mcu.externaltools.gnu-tools-for-stm32.9-2020-q2-update.win32_1.5.0.202011040924/tools/bin/../lib/gcc/arm-none-eabi/9.3.1/../../../../arm-none-eabi/lib/thumb/v7-m/nofp\libc_nano.a(lib_a-nano-vfprintf_i.o)
                              d:/st/stm32cubeide_1.6.0/stm32cubeide/plugins/com.st.stm32cube.ide.mcu.externaltools.gnu-tools-for-stm32.9-2020-q2-update.win32_1.5.0.202011040924/tools/bin/../lib/gcc/arm-none-eabi/9.3.1/../../../../arm-none-eabi/lib/thumb/v7-m/nofp\libc_nano.a(lib_a-nano-svfprintf.o) (_printf_i)
d:/st/stm32cubeide_1.6.0/stm32cubeide/plugins/com.st.stm32cube.ide.mcu.externaltools.gnu-tools-for-stm32.9-2020-q2-update.win32_1.5.0.202011040924/tools/bin/../lib/gcc/arm-none-eabi/9.3.1/../../../../arm-none-eabi/lib/thumb/v7-m/nofp\libc_nano.a(lib_a-memchr-stub.o)
                              d:/st/stm32cubeide_1.6.0/stm32cubeide/plugins/com.st.stm32cube.ide.mcu.externaltools.gnu-tools-for-stm32.9-2020-q2-update.win32_1.5.0.202011040924/tools/bin/../lib/gcc/arm-none-eabi/9.3.1/../../../../arm-none-eabi/lib/thumb/v7-m/nofp\libc_nano.a(lib_a-nano-svfprintf.o) (memchr)
d:/st/stm32cubeide_1.6.0/stm32cubeide/plugins/com.st.stm32cube.ide.mcu.externaltools.gnu-tools-for-stm32.9-2020-q2-update.win32_1.5.0.202011040924/tools/bin/../lib/gcc/arm-none-eabi/9.3.1/../../../../arm-none-eabi/lib/thumb/v7-m/nofp\libc_nano.a(lib_a-memcpy-stub.o)
[...]
Memory Configuration

Name             Origin             Length             Attributes
RAM              0x0000000020000000 0x0000000000005000 xrw
FLASH            0x0000000008000000 0x0000000000010000 xr
*default*        0x0000000000000000 0xffffffffffffffff

Linker script and memory map

LOAD d:/st/stm32cubeide_1.6.0/stm32cubeide/plugins/com.st.stm32cube.ide.mcu.externaltools.gnu-tools-for-stm32.9-2020-q2-update.win32_1.5.0.202011040924/tools/bin/../lib/gcc/arm-none-eabi/9.3.1/thumb/v7-m/nofp/crti.o
LOAD d:/st/stm32cubeide_1.6.0/stm32cubeide/plugins/com.st.stm32cube.ide.mcu.externaltools.gnu-tools-for-stm32.9-2020-q2-update.win32_1.5.0.202011040924/tools/bin/../lib/gcc/arm-none-eabi/9.3.1/thumb/v7-m/nofp/crtbegin.o
LOAD d:/st/stm32cubeide_1.6.0/stm32cubeide/plugins/com.st.stm32cube.ide.mcu.externaltools.gnu-tools-for-stm32.9-2020-q2-update.win32_1.5.0.202011040924/tools/bin/../lib/gcc/arm-none-eabi/9.3.1/../../../../arm-none-eabi/lib/thumb/v7-m/nofp/crt0.o
LOAD Core/Src/DIO.o
LOAD Core/Src/app.o
LOAD Core/Src/main.o
LOAD Core/Src/stm32f1xx_hal_msp.o
LOAD Core/Src/stm32f1xx_it.o
LOAD Core/Src/swo_debug.o
LOAD Core/Src/syscalls.o
LOAD Core/Src/sysmem.o
LOAD Core/Src/system_stm32f1xx.o
LOAD Core/Startup/startup_stm32f103c8tx.o
LOAD Drivers/STM32F1xx_HAL_Driver/Src/stm32f1xx_hal.o
LOAD Drivers/STM32F1xx_HAL_Driver/Src/stm32f1xx_hal_cortex.o
LOAD Drivers/STM32F1xx_HAL_Driver/Src/stm32f1xx_hal_dma.o
LOAD Drivers/STM32F1xx_HAL_Driver/Src/stm32f1xx_hal_exti.o
LOAD Drivers/STM32F1xx_HAL_Driver/Src/stm32f1xx_hal_flash.o
LOAD Drivers/STM32F1xx_HAL_Driver/Src/stm32f1xx_hal_flash_ex.o
LOAD Drivers/STM32F1xx_HAL_Driver/Src/stm32f1xx_hal_gpio.o
LOAD Drivers/STM32F1xx_HAL_Driver/Src/stm32f1xx_hal_gpio_ex.o
LOAD Drivers/STM32F1xx_HAL_Driver/Src/stm32f1xx_hal_pcd.o
LOAD Drivers/STM32F1xx_HAL_Driver/Src/stm32f1xx_hal_pcd_ex.o
LOAD Drivers/STM32F1xx_HAL_Driver/Src/stm32f1xx_hal_pwr.o
LOAD Drivers/STM32F1xx_HAL_Driver/Src/stm32f1xx_hal_rcc.o
LOAD Drivers/STM32F1xx_HAL_Driver/Src/stm32f1xx_hal_rcc_ex.o
LOAD Drivers/STM32F1xx_HAL_Driver/Src/stm32f1xx_hal_tim.o
LOAD Drivers/STM32F1xx_HAL_Driver/Src/stm32f1xx_hal_tim_ex.o
LOAD Drivers/STM32F1xx_HAL_Driver/Src/stm32f1xx_ll_usb.o
LOAD Micrium/Software/uC-CPU/ARM-Cortex-M/ARMv7-M/GNU/cpu_a.o
LOAD Micrium/Software/uC-CPU/ARM-Cortex-M/ARMv7-M/cpu_c.o
LOAD Micrium/Software/uC-CPU/cpu_core.o
LOAD Micrium/Software/uC-LIB/lib_ascii.o
LOAD Micrium/Software/uC-LIB/lib_math.o
LOAD Micrium/Software/uC-LIB/lib_mem.o
LOAD Micrium/Software/uC-LIB/lib_str.o
LOAD Micrium/Software/uCOS-II/Ports/ARM-Cortex-M/ARMv7-M/GNU/os_cpu_a.o
LOAD Micrium/Software/uCOS-II/Ports/ARM-Cortex-M/ARMv7-M/GNU/os_dbg.o
LOAD Micrium/Software/uCOS-II/Ports/ARM-Cortex-M/ARMv7-M/os_cpu_c.o
LOAD Micrium/Software/uCOS-II/Source/os_core.o
LOAD Micrium/Software/uCOS-II/Source/os_flag.o
LOAD Micrium/Software/uCOS-II/Source/os_mbox.o
LOAD Micrium/Software/uCOS-II/Source/os_mem.o
LOAD Micrium/Software/uCOS-II/Source/os_mutex.o
LOAD Micrium/Software/uCOS-II/Source/os_q.o
LOAD Micrium/Software/uCOS-II/Source/os_sem.o
LOAD Micrium/Software/uCOS-II/Source/os_task.o
LOAD Micrium/Software/uCOS-II/Source/os_time.o
LOAD Micrium/Software/uCOS-II/Source/os_tmr.o
LOAD Micrium/Template/OS2/app_hooks.o
LOAD Middlewares/ST/STM32_USB_Device_Library/Class/CDC/Src/usbd_cdc.o
LOAD Middlewares/ST/STM32_USB_Device_Library/Core/Src/usbd_core.o
LOAD Middlewares/ST/STM32_USB_Device_Library/Core/Src/usbd_ctlreq.o
LOAD Middlewares/ST/STM32_USB_Device_Library/Core/Src/usbd_ioreq.o
LOAD USB_DEVICE/App/usb_device.o
LOAD USB_DEVICE/App/usbd_cdc_if.o
LOAD USB_DEVICE/App/usbd_desc.o
LOAD USB_DEVICE/Target/usbd_conf.o
START GROUP
LOAD d:/st/stm32cubeide_1.6.0/stm32cubeide/plugins/com.st.stm32cube.ide.mcu.externaltools.gnu-tools-for-stm32.9-2020-q2-update.win32_1.5.0.202011040924/tools/bin/../lib/gcc/arm-none-eabi/9.3.1/../../../../arm-none-eabi/lib/thumb/v7-m/nofp\libc_nano.a
LOAD d:/st/stm32cubeide_1.6.0/stm32cubeide/plugins/com.st.stm32cube.ide.mcu.externaltools.gnu-tools-for-stm32.9-2020-q2-update.win32_1.5.0.202011040924/tools/bin/../lib/gcc/arm-none-eabi/9.3.1/../../../../arm-none-eabi/lib/thumb/v7-m/nofp\libm.a
END GROUP
START GROUP
LOAD d:/st/stm32cubeide_1.6.0/stm32cubeide/plugins/com.st.stm32cube.ide.mcu.externaltools.gnu-tools-for-stm32.9-2020-q2-update.win32_1.5.0.202011040924/tools/bin/../lib/gcc/arm-none-eabi/9.3.1/thumb/v7-m/nofp\libgcc.a
LOAD d:/st/stm32cubeide_1.6.0/stm32cubeide/plugins/com.st.stm32cube.ide.mcu.externaltools.gnu-tools-for-stm32.9-2020-q2-update.win32_1.5.0.202011040924/tools/bin/../lib/gcc/arm-none-eabi/9.3.1/../../../../arm-none-eabi/lib/thumb/v7-m/nofp\libc_nano.a
END GROUP
START GROUP
LOAD d:/st/stm32cubeide_1.6.0/stm32cubeide/plugins/com.st.stm32cube.ide.mcu.externaltools.gnu-tools-for-stm32.9-2020-q2-update.win32_1.5.0.202011040924/tools/bin/../lib/gcc/arm-none-eabi/9.3.1/thumb/v7-m/nofp\libgcc.a
LOAD d:/st/stm32cubeide_1.6.0/stm32cubeide/plugins/com.st.stm32cube.ide.mcu.externaltools.gnu-tools-for-stm32.9-2020-q2-update.win32_1.5.0.202011040924/tools/bin/../lib/gcc/arm-none-eabi/9.3.1/../../../../arm-none-eabi/lib/thumb/v7-m/nofp\libc_nano.a
LOAD d:/st/stm32cubeide_1.6.0/stm32cubeide/plugins/com.st.stm32cube.ide.mcu.externaltools.gnu-tools-for-stm32.9-2020-q2-update.win32_1.5.0.202011040924/tools/bin/../lib/gcc/arm-none-eabi/9.3.1/../../../../arm-none-eabi/lib/thumb/v7-m/nofp\libnosys.a
END GROUP
START GROUP
LOAD d:/st/stm32cubeide_1.6.0/stm32cubeide/plugins/com.st.stm32cube.ide.mcu.externaltools.gnu-tools-for-stm32.9-2020-q2-update.win32_1.5.0.202011040924/tools/bin/../lib/gcc/arm-none-eabi/9.3.1/thumb/v7-m/nofp\libgcc.a
LOAD d:/st/stm32cubeide_1.6.0/stm32cubeide/plugins/com.st.stm32cube.ide.mcu.externaltools.gnu-tools-for-stm32.9-2020-q2-update.win32_1.5.0.202011040924/tools/bin/../lib/gcc/arm-none-eabi/9.3.1/../../../../arm-none-eabi/lib/thumb/v7-m/nofp\libc_nano.a
LOAD d:/st/stm32cubeide_1.6.0/stm32cubeide/plugins/com.st.stm32cube.ide.mcu.externaltools.gnu-tools-for-stm32.9-2020-q2-update.win32_1.5.0.202011040924/tools/bin/../lib/gcc/arm-none-eabi/9.3.1/../../../../arm-none-eabi/lib/thumb/v7-m/nofp\libnosys.a
END GROUP
LOAD d:/st/stm32cubeide_1.6.0/stm32cubeide/plugins/com.st.stm32cube.ide.mcu.externaltools.gnu-tools-for-stm32.9-2020-q2-update.win32_1.5.0.202011040924/tools/bin/../lib/gcc/arm-none-eabi/9.3.1/thumb/v7-m/nofp/crtend.o
LOAD d:/st/stm32cubeide_1.6.0/stm32cubeide/plugins/com.st.stm32cube.ide.mcu.externaltools.gnu-tools-for-stm32.9-2020-q2-update.win32_1.5.0.202011040924/tools/bin/../lib/gcc/arm-none-eabi/9.3.1/thumb/v7-m/nofp/crtn.o
                0x0000000020005000                _estack = (ORIGIN (RAM) + LENGTH (RAM))
                0x0000000000000200                _Min_Heap_Size = 0x200
                0x0000000000000400                _Min_Stack_Size = 0x400

.isr_vector     0x0000000008000000      0x10c
                0x0000000008000000                . = ALIGN (0x4)
 *(.isr_vector)
 .isr_vector    0x0000000008000000      0x10c Core/Startup/startup_stm32f103c8tx.o
                0x0000000008000000                g_pfnVectors
                0x000000000800010c                . = ALIGN (0x4)

.text           0x000000000800010c     0xb450
                0x000000000800010c                . = ALIGN (0x4)
 *(.text)
 .text          0x000000000800010c       0x40 d:/st/stm32cubeide_1.6.0/stm32cubeide/plugins/com.st.stm32cube.ide.mcu.externaltools.gnu-tools-for-stm32.9-2020-q2-update.win32_1.5.0.202011040924/tools/bin/../lib/gcc/arm-none-eabi/9.3.1/thumb/v7-m/nofp/crtbegin.o
 .text          0x000000000800014c       0x54 Micrium/Software/uC-CPU/ARM-Cortex-M/ARMv7-M/GNU/cpu_a.o
                0x000000000800014c                CPU_IntDis
                0x0000000008000150                CPU_IntEn
                0x0000000008000154                CPU_SR_Save
                0x0000000008000170                CPU_SR_Restore
                0x0000000008000182                CPU_WaitForInt
                0x0000000008000186                CPU_WaitForExcept
                0x000000000800018a                CPU_CntLeadZeros
                0x0000000008000190                CPU_CntTrailZeros
                0x000000000800019a                CPU_RevBits
 .text          0x00000000080001a0      0x12c Micrium/Software/uCOS-II/Ports/ARM-Cortex-M/ARMv7-M/GNU/os_cpu_a.o
                0x00000000080001a0                OS_CPU_SR_Save
                0x00000000080001bc                OS_CPU_SR_Restore
                0x00000000080001ce                OSStartHighRdy
                0x000000000800024e                OSIntCtxSw
                0x000000000800024e                OSCtxSw
                0x0000000008000258                OS_CPU_PendSVHandler
 *(.text*)
 .text.DICfgMode
                0x00000000080002cc       0x40 Core/Src/DIO.o
                0x00000000080002cc                DICfgMode
 .text.DIGet    0x000000000800030c       0x40 Core/Src/DIO.o
                0x000000000800030c                DIGet
 .text.DIIsTrig
                0x000000000800034c       0xbc Core/Src/DIO.o
 .text.DIUpdate
                0x0000000008000408      0x108 Core/Src/DIO.o
 .text.DIOInit  0x0000000008000510       0xec Core/Src/DIO.o
                0x0000000008000510                DIOInit
 .text.DIOTask  0x00000000080005fc       0x20 Core/Src/DIO.o
 .text.DOCfgBlink
                0x000000000800061c       0x68 Core/Src/DIO.o
                0x000000000800061c                DOCfgBlink
 .text.DOCfgMode
                0x0000000008000684       0x50 Core/Src/DIO.o
                0x0000000008000684                DOCfgMode
 .text.DOIsBlinkEn
                0x00000000080006d4       0x4e Core/Src/DIO.o
 *fill*         0x0000000008000722        0x2 
 .text.DOSet    0x0000000008000724       0x44 Core/Src/DIO.o
                0x0000000008000724                DOSet
 .text.DOUpdate
                0x0000000008000768      0x11c Core/Src/DIO.o
 .text.DIOInitIO
                0x0000000008000884        0xc Core/Src/DIO.o
                0x0000000008000884                DIOInitIO
 .text.DIRd     0x0000000008000890       0x5c Core/Src/DIO.o
                0x0000000008000890                DIRd
 .text.DOWr     0x00000000080008ec       0x5c Core/Src/DIO.o
                0x00000000080008ec                DOWr
 .text.Kbchecktask
                0x0000000008000948      0x1c0 Core/Src/app.o
 .text.Seq1Task
                0x0000000008000b08       0x40 Core/Src/app.o
 .text.Seq2Task
                0x0000000008000b48       0x4c Core/Src/app.o
 .text.Seq3Task
                0x0000000008000b94       0x4c Core/Src/app.o
 .text.Statshowtask
                0x0000000008000be0       0x94 Core/Src/app.o
 .text.StartupTask
                0x0000000008000c74       0x72 Core/Src/app.o
                0x0000000008000c74                StartupTask
 *fill*         0x0000000008000ce6        0x2 
 .text.App_TaskCreate
                0x0000000008000ce8      0x150 Core/Src/app.o
 .text.App_EventCreate
                0x0000000008000e38       0x28 Core/Src/app.o
 .text.HAL_TIM_PeriodElapsedCallback
                0x0000000008000e60       0x40 Core/Src/app.o
                0x0000000008000e60                HAL_TIM_PeriodElapsedCallback
 .text.HAL_TIM_IC_CaptureCallback
                0x0000000008000ea0       0xcc Core/Src/app.o
                0x0000000008000ea0                HAL_TIM_IC_CaptureCallback
 .text.main     0x0000000008000f6c       0x88 Core/Src/main.o
                0x0000000008000f6c                main
 .text.SystemClock_Config
                0x0000000008000ff4       0xb4 Core/Src/main.o
                0x0000000008000ff4                SystemClock_Config
 .text.MX_TIM3_Init
                0x00000000080010a8       0xa8 Core/Src/main.o
 .text.MX_TIM4_Init
                0x0000000008001150       0x9c Core/Src/main.o
 .text.MX_GPIO_Init
                0x00000000080011ec      0x108 Core/Src/main.o
 .text.HAL_InitTick
                0x00000000080012f4       0x14 Core/Src/main.o
                0x00000000080012f4                HAL_InitTick
 .text.HAL_GetTick
                0x0000000008001308       0x16 Core/Src/main.o
                0x0000000008001308                HAL_GetTick
 .text.Error_Handler
                0x000000000800131e        0xc Core/Src/main.o
                0x000000000800131e                Error_Handler
 *fill*         0x000000000800132a        0x2 
 .text.HAL_MspInit
                0x000000000800132c       0x64 Core/Src/stm32f1xx_hal_msp.o
                0x000000000800132c                HAL_MspInit
 .text.HAL_TIM_IC_MspInit
                0x0000000008001390       0xb4 Core/Src/stm32f1xx_hal_msp.o
                0x0000000008001390                HAL_TIM_IC_MspInit
 .text.HAL_TIM_Base_MspInit
                0x0000000008001444       0x4c Core/Src/stm32f1xx_hal_msp.o
                0x0000000008001444                HAL_TIM_Base_MspInit
 .text.NMI_Handler
                0x0000000008001490        0xc Core/Src/stm32f1xx_it.o
                0x0000000008001490                NMI_Handler
 .text.HardFault_Handler
                0x000000000800149c        0x6 Core/Src/stm32f1xx_it.o
                0x000000000800149c                HardFault_Handler
 .text.MemManage_Handler
                0x00000000080014a2        0x6 Core/Src/stm32f1xx_it.o
                0x00000000080014a2                MemManage_Handler
 .text.BusFault_Handler
                0x00000000080014a8        0x6 Core/Src/stm32f1xx_it.o
                0x00000000080014a8                BusFault_Handler
 .text.UsageFault_Handler
                0x00000000080014ae        0x6 Core/Src/stm32f1xx_it.o
                0x00000000080014ae                UsageFault_Handler
 .text.SVC_Handler
                0x00000000080014b4        0xc Core/Src/stm32f1xx_it.o
                0x00000000080014b4                SVC_Handler
 .text.DebugMon_Handler
                0x00000000080014c0        0xc Core/Src/stm32f1xx_it.o
                0x00000000080014c0                DebugMon_Handler
 .text.USB_LP_CAN1_RX0_IRQHandler
                0x00000000080014cc       0x14 Core/Src/stm32f1xx_it.o
                0x00000000080014cc                USB_LP_CAN1_RX0_IRQHandler
 .text.TIM3_IRQHandler
                0x00000000080014e0       0x14 Core/Src/stm32f1xx_it.o
                0x00000000080014e0                TIM3_IRQHandler
 .text.TIM4_IRQHandler
                0x00000000080014f4       0x14 Core/Src/stm32f1xx_it.o
                0x00000000080014f4                TIM4_IRQHandler
 .text.SystemInit
                0x0000000008001508       0x68 Core/Src/system_stm32f1xx.o
                0x0000000008001508                SystemInit
 .text.Reset_Handler
                0x0000000008001570       0x48 Core/Startup/startup_stm32f103c8tx.o
                0x0000000008001570                Reset_Handler
 .text.Default_Handler
                0x00000000080015b8        0x2 Core/Startup/startup_stm32f103c8tx.o
                0x00000000080015b8                RTC_Alarm_IRQHandler
                0x00000000080015b8                EXTI2_IRQHandler
                0x00000000080015b8                TIM1_CC_IRQHandler
                0x00000000080015b8                PVD_IRQHandler
                0x00000000080015b8                EXTI3_IRQHandler
                0x00000000080015b8                EXTI0_IRQHandler
                0x00000000080015b8                I2C2_EV_IRQHandler
                0x00000000080015b8                ADC1_2_IRQHandler
                0x00000000080015b8                SPI1_IRQHandler
                0x00000000080015b8                TAMPER_IRQHandler
                0x00000000080015b8                DMA1_Channel4_IRQHandler
                0x00000000080015b8                USART3_IRQHandler
                0x00000000080015b8                RTC_IRQHandler
                0x00000000080015b8                DMA1_Channel7_IRQHandler
                0x00000000080015b8                CAN1_RX1_IRQHandler
                0x00000000080015b8                I2C1_EV_IRQHandler
                0x00000000080015b8                DMA1_Channel6_IRQHandler
                0x00000000080015b8                RCC_IRQHandler
                0x00000000080015b8                TIM1_TRG_COM_IRQHandler
                0x00000000080015b8                DMA1_Channel1_IRQHandler
                0x00000000080015b8                Default_Handler
                0x00000000080015b8                EXTI15_10_IRQHandler
                0x00000000080015b8                EXTI9_5_IRQHandler
                0x00000000080015b8                SPI2_IRQHandler
                0x00000000080015b8                DMA1_Channel5_IRQHandler
                0x00000000080015b8                EXTI4_IRQHandler
                0x00000000080015b8                USB_HP_CAN1_TX_IRQHandler
                0x00000000080015b8                DMA1_Channel3_IRQHandler
                0x00000000080015b8                TIM1_UP_IRQHandler
                0x00000000080015b8                WWDG_IRQHandler
                0x00000000080015b8                TIM2_IRQHandler
                0x00000000080015b8                TIM1_BRK_IRQHandler
                0x00000000080015b8                EXTI1_IRQHandler
                0x00000000080015b8                USART2_IRQHandler
                0x00000000080015b8                I2C2_ER_IRQHandler
                0x00000000080015b8                DMA1_Channel2_IRQHandler
                0x00000000080015b8                CAN1_SCE_IRQHandler
                0x00000000080015b8                FLASH_IRQHandler
                0x00000000080015b8                USART1_IRQHandler
                0x00000000080015b8                I2C1_ER_IRQHandler
                0x00000000080015b8                USBWakeUp_IRQHandler
 *fill*         0x00000000080015ba        0x2 
 .text.HAL_Init
                0x00000000080015bc       0x2c Drivers/STM32F1xx_HAL_Driver/Src/stm32f1xx_hal.o
                0x00000000080015bc                HAL_Init
 .text.__NVIC_SetPriorityGrouping
                0x00000000080015e8       0x48 Drivers/STM32F1xx_HAL_Driver/Src/stm32f1xx_hal_cortex.o
 .text.__NVIC_GetPriorityGrouping
                0x0000000008001630       0x1c Drivers/STM32F1xx_HAL_Driver/Src/stm32f1xx_hal_cortex.o
 .text.__NVIC_EnableIRQ
                0x000000000800164c       0x38 Drivers/STM32F1xx_HAL_Driver/Src/stm32f1xx_hal_cortex.o
 .text.__NVIC_SetPriority
                0x0000000008001684       0x54 Drivers/STM32F1xx_HAL_Driver/Src/stm32f1xx_hal_cortex.o
 .text.NVIC_EncodePriority
                0x00000000080016d8       0x64 Drivers/STM32F1xx_HAL_Driver/Src/stm32f1xx_hal_cortex.o
 .text.HAL_NVIC_SetPriorityGrouping
                0x000000000800173c       0x16 Drivers/STM32F1xx_HAL_Driver/Src/stm32f1xx_hal_cortex.o
                0x000000000800173c                HAL_NVIC_SetPriorityGrouping
 .text.HAL_NVIC_SetPriority
                0x0000000008001752       0x38 Drivers/STM32F1xx_HAL_Driver/Src/stm32f1xx_hal_cortex.o
                0x0000000008001752                HAL_NVIC_SetPriority
 .text.HAL_NVIC_EnableIRQ
                0x000000000800178a       0x1c Drivers/STM32F1xx_HAL_Driver/Src/stm32f1xx_hal_cortex.o
                0x000000000800178a                HAL_NVIC_EnableIRQ
 *fill*         0x00000000080017a6        0x2 
 .text.HAL_GPIO_Init
                0x00000000080017a8      0x308 Drivers/STM32F1xx_HAL_Driver/Src/stm32f1xx_hal_gpio.o
                0x00000000080017a8                HAL_GPIO_Init
 .text.HAL_GPIO_WritePin
                0x0000000008001ab0       0x30 Drivers/STM32F1xx_HAL_Driver/Src/stm32f1xx_hal_gpio.o
                0x0000000008001ab0                HAL_GPIO_WritePin
 .text.HAL_PCD_Init
                0x0000000008001ae0      0x216 Drivers/STM32F1xx_HAL_Driver/Src/stm32f1xx_hal_pcd.o
                0x0000000008001ae0                HAL_PCD_Init
 .text.HAL_PCD_Start
                0x0000000008001cf6       0x4c Drivers/STM32F1xx_HAL_Driver/Src/stm32f1xx_hal_pcd.o
                0x0000000008001cf6                HAL_PCD_Start
 .text.HAL_PCD_IRQHandler
                0x0000000008001d42      0x2aa Drivers/STM32F1xx_HAL_Driver/Src/stm32f1xx_hal_pcd.o
                0x0000000008001d42                HAL_PCD_IRQHandler
 .text.HAL_PCD_SetAddress
                0x0000000008001fec       0x4a Drivers/STM32F1xx_HAL_Driver/Src/stm32f1xx_hal_pcd.o
                0x0000000008001fec                HAL_PCD_SetAddress
 .text.HAL_PCD_EP_Open
                0x0000000008002036       0xcc Drivers/STM32F1xx_HAL_Driver/Src/stm32f1xx_hal_pcd.o
                0x0000000008002036                HAL_PCD_EP_Open
 .text.HAL_PCD_EP_Close
                0x0000000008002102       0x90 Drivers/STM32F1xx_HAL_Driver/Src/stm32f1xx_hal_pcd.o
                0x0000000008002102                HAL_PCD_EP_Close
 .text.HAL_PCD_EP_Receive
                0x0000000008002192       0x7a Drivers/STM32F1xx_HAL_Driver/Src/stm32f1xx_hal_pcd.o
                0x0000000008002192                HAL_PCD_EP_Receive
 .text.HAL_PCD_EP_GetRxCount
                0x000000000800220c       0x2e Drivers/STM32F1xx_HAL_Driver/Src/stm32f1xx_hal_pcd.o
                0x000000000800220c                HAL_PCD_EP_GetRxCount
 .text.HAL_PCD_EP_Transmit
                0x000000000800223a       0x86 Drivers/STM32F1xx_HAL_Driver/Src/stm32f1xx_hal_pcd.o
                0x000000000800223a                HAL_PCD_EP_Transmit
 .text.HAL_PCD_EP_SetStall
                0x00000000080022c0       0xc0 Drivers/STM32F1xx_HAL_Driver/Src/stm32f1xx_hal_pcd.o
                0x00000000080022c0                HAL_PCD_EP_SetStall
 .text.HAL_PCD_EP_ClrStall
                0x0000000008002380       0xa8 Drivers/STM32F1xx_HAL_Driver/Src/stm32f1xx_hal_pcd.o
                0x0000000008002380                HAL_PCD_EP_ClrStall
 .text.PCD_EP_ISR_Handler
                0x0000000008002428      0x5e6 Drivers/STM32F1xx_HAL_Driver/Src/stm32f1xx_hal_pcd.o
 .text.HAL_PCD_EP_DB_Receive
                0x0000000008002a0e      0x21a Drivers/STM32F1xx_HAL_Driver/Src/stm32f1xx_hal_pcd.o
 .text.HAL_PCD_EP_DB_Transmit
                0x0000000008002c28      0x556 Drivers/STM32F1xx_HAL_Driver/Src/stm32f1xx_hal_pcd.o
 .text.HAL_PCDEx_PMAConfig
                0x000000000800317e       0x84 Drivers/STM32F1xx_HAL_Driver/Src/stm32f1xx_hal_pcd_ex.o
                0x000000000800317e                HAL_PCDEx_PMAConfig
 *fill*         0x0000000008003202        0x2 
 .text.HAL_RCC_OscConfig
                0x0000000008003204      0x500 Drivers/STM32F1xx_HAL_Driver/Src/stm32f1xx_hal_rcc.o
                0x0000000008003204                HAL_RCC_OscConfig
 .text.HAL_RCC_ClockConfig
                0x0000000008003704      0x1d4 Drivers/STM32F1xx_HAL_Driver/Src/stm32f1xx_hal_rcc.o
                0x0000000008003704                HAL_RCC_ClockConfig
 .text.HAL_RCC_GetSysClockFreq
                0x00000000080038d8       0xc0 Drivers/STM32F1xx_HAL_Driver/Src/stm32f1xx_hal_rcc.o
                0x00000000080038d8                HAL_RCC_GetSysClockFreq
 .text.HAL_RCC_GetHCLKFreq
                0x0000000008003998       0x14 Drivers/STM32F1xx_HAL_Driver/Src/stm32f1xx_hal_rcc.o
                0x0000000008003998                HAL_RCC_GetHCLKFreq
 .text.HAL_RCC_GetPCLK1Freq
                0x00000000080039ac       0x28 Drivers/STM32F1xx_HAL_Driver/Src/stm32f1xx_hal_rcc.o
                0x00000000080039ac                HAL_RCC_GetPCLK1Freq
 .text.RCC_Delay
                0x00000000080039d4       0x3c Drivers/STM32F1xx_HAL_Driver/Src/stm32f1xx_hal_rcc.o
 .text.HAL_RCCEx_PeriphCLKConfig
                0x0000000008003a10      0x16c Drivers/STM32F1xx_HAL_Driver/Src/stm32f1xx_hal_rcc_ex.o
                0x0000000008003a10                HAL_RCCEx_PeriphCLKConfig
 .text.HAL_TIM_Base_Init
                0x0000000008003b7c       0x9e Drivers/STM32F1xx_HAL_Driver/Src/stm32f1xx_hal_tim.o
                0x0000000008003b7c                HAL_TIM_Base_Init
 *fill*         0x0000000008003c1a        0x2 
 .text.HAL_TIM_Base_Start_IT
                0x0000000008003c1c       0xa4 Drivers/STM32F1xx_HAL_Driver/Src/stm32f1xx_hal_tim.o
                0x0000000008003c1c                HAL_TIM_Base_Start_IT
 .text.HAL_TIM_Base_Stop_IT
                0x0000000008003cc0       0x5c Drivers/STM32F1xx_HAL_Driver/Src/stm32f1xx_hal_tim.o
                0x0000000008003cc0                HAL_TIM_Base_Stop_IT
 .text.HAL_TIM_IC_Init
                0x0000000008003d1c       0x9e Drivers/STM32F1xx_HAL_Driver/Src/stm32f1xx_hal_tim.o
                0x0000000008003d1c                HAL_TIM_IC_Init
 *fill*         0x0000000008003dba        0x2 
 .text.HAL_TIM_IC_Start_IT
                0x0000000008003dbc      0x20c Drivers/STM32F1xx_HAL_Driver/Src/stm32f1xx_hal_tim.o
                0x0000000008003dbc                HAL_TIM_IC_Start_IT
 .text.HAL_TIM_IC_Stop_IT
                0x0000000008003fc8      0x150 Drivers/STM32F1xx_HAL_Driver/Src/stm32f1xx_hal_tim.o
                0x0000000008003fc8                HAL_TIM_IC_Stop_IT
 .text.HAL_TIM_IRQHandler
                0x0000000008004118      0x210 Drivers/STM32F1xx_HAL_Driver/Src/stm32f1xx_hal_tim.o
                0x0000000008004118                HAL_TIM_IRQHandler
 .text.HAL_TIM_IC_ConfigChannel
                0x0000000008004328      0x128 Drivers/STM32F1xx_HAL_Driver/Src/stm32f1xx_hal_tim.o
                0x0000000008004328                HAL_TIM_IC_ConfigChannel
 .text.HAL_TIM_ConfigClockSource
                0x0000000008004450      0x188 Drivers/STM32F1xx_HAL_Driver/Src/stm32f1xx_hal_tim.o
                0x0000000008004450                HAL_TIM_ConfigClockSource
 .text.HAL_TIM_ReadCapturedValue
                0x00000000080045d8       0x88 Drivers/STM32F1xx_HAL_Driver/Src/stm32f1xx_hal_tim.o
                0x00000000080045d8                HAL_TIM_ReadCapturedValue
 .text.HAL_TIM_OC_DelayElapsedCallback
                0x0000000008004660       0x12 Drivers/STM32F1xx_HAL_Driver/Src/stm32f1xx_hal_tim.o
                0x0000000008004660                HAL_TIM_OC_DelayElapsedCallback
 .text.HAL_TIM_PWM_PulseFinishedCallback
                0x0000000008004672       0x12 Drivers/STM32F1xx_HAL_Driver/Src/stm32f1xx_hal_tim.o
                0x0000000008004672                HAL_TIM_PWM_PulseFinishedCallback
 .text.HAL_TIM_TriggerCallback
                0x0000000008004684       0x12 Drivers/STM32F1xx_HAL_Driver/Src/stm32f1xx_hal_tim.o
                0x0000000008004684                HAL_TIM_TriggerCallback
 *fill*         0x0000000008004696        0x2 
 .text.TIM_Base_SetConfig
                0x0000000008004698       0xc4 Drivers/STM32F1xx_HAL_Driver/Src/stm32f1xx_hal_tim.o
                0x0000000008004698                TIM_Base_SetConfig
 .text.TIM_TI1_SetConfig
                0x000000000800475c       0xb4 Drivers/STM32F1xx_HAL_Driver/Src/stm32f1xx_hal_tim.o
                0x000000000800475c                TIM_TI1_SetConfig
 .text.TIM_TI1_ConfigInputStage
                0x0000000008004810       0x5c Drivers/STM32F1xx_HAL_Driver/Src/stm32f1xx_hal_tim.o
 .text.TIM_TI2_SetConfig
                0x000000000800486c       0x78 Drivers/STM32F1xx_HAL_Driver/Src/stm32f1xx_hal_tim.o
 .text.TIM_TI2_ConfigInputStage
                0x00000000080048e4       0x5e Drivers/STM32F1xx_HAL_Driver/Src/stm32f1xx_hal_tim.o
 .text.TIM_TI3_SetConfig
                0x0000000008004942       0x76 Drivers/STM32F1xx_HAL_Driver/Src/stm32f1xx_hal_tim.o
 .text.TIM_TI4_SetConfig
                0x00000000080049b8       0x78 Drivers/STM32F1xx_HAL_Driver/Src/stm32f1xx_hal_tim.o
 .text.TIM_ITRx_SetConfig
                0x0000000008004a30       0x34 Drivers/STM32F1xx_HAL_Driver/Src/stm32f1xx_hal_tim.o
 .text.TIM_ETR_SetConfig
                0x0000000008004a64       0x3e Drivers/STM32F1xx_HAL_Driver/Src/stm32f1xx_hal_tim.o
                0x0000000008004a64                TIM_ETR_SetConfig
 .text.TIM_CCxChannelCmd
                0x0000000008004aa2       0x48 Drivers/STM32F1xx_HAL_Driver/Src/stm32f1xx_hal_tim.o
                0x0000000008004aa2                TIM_CCxChannelCmd
 *fill*         0x0000000008004aea        0x2 
 .text.HAL_TIMEx_MasterConfigSynchronization
                0x0000000008004aec       0xbc Drivers/STM32F1xx_HAL_Driver/Src/stm32f1xx_hal_tim_ex.o
                0x0000000008004aec                HAL_TIMEx_MasterConfigSynchronization
 .text.HAL_TIMEx_CommutCallback
                0x0000000008004ba8       0x12 Drivers/STM32F1xx_HAL_Driver/Src/stm32f1xx_hal_tim_ex.o
                0x0000000008004ba8                HAL_TIMEx_CommutCallback
 .text.HAL_TIMEx_BreakCallback
                0x0000000008004bba       0x12 Drivers/STM32F1xx_HAL_Driver/Src/stm32f1xx_hal_tim_ex.o
                0x0000000008004bba                HAL_TIMEx_BreakCallback
 .text.USB_CoreInit
                0x0000000008004bcc       0x20 Drivers/STM32F1xx_HAL_Driver/Src/stm32f1xx_ll_usb.o
                0x0000000008004bcc                USB_CoreInit
 .text.USB_EnableGlobalInt
                0x0000000008004bec       0x2c Drivers/STM32F1xx_HAL_Driver/Src/stm32f1xx_ll_usb.o
                0x0000000008004bec                USB_EnableGlobalInt
 .text.USB_DisableGlobalInt
                0x0000000008004c18       0x34 Drivers/STM32F1xx_HAL_Driver/Src/stm32f1xx_ll_usb.o
                0x0000000008004c18                USB_DisableGlobalInt
 .text.USB_SetCurrentMode
                0x0000000008004c4c       0x18 Drivers/STM32F1xx_HAL_Driver/Src/stm32f1xx_ll_usb.o
                0x0000000008004c4c                USB_SetCurrentMode
 .text.USB_DevInit
                0x0000000008004c64       0x40 Drivers/STM32F1xx_HAL_Driver/Src/stm32f1xx_ll_usb.o
                0x0000000008004c64                USB_DevInit
 .text.USB_ActivateEndpoint
                0x0000000008004ca4      0x6d4 Drivers/STM32F1xx_HAL_Driver/Src/stm32f1xx_ll_usb.o
                0x0000000008004ca4                USB_ActivateEndpoint
 .text.USB_DeactivateEndpoint
                0x0000000008005378      0x3d8 Drivers/STM32F1xx_HAL_Driver/Src/stm32f1xx_ll_usb.o
                0x0000000008005378                USB_DeactivateEndpoint
 .text.USB_EPStartXfer
                0x0000000008005750     0x1240 Drivers/STM32F1xx_HAL_Driver/Src/stm32f1xx_ll_usb.o
                0x0000000008005750                USB_EPStartXfer
 .text.USB_EPSetStall
                0x0000000008006990       0xa0 Drivers/STM32F1xx_HAL_Driver/Src/stm32f1xx_ll_usb.o
                0x0000000008006990                USB_EPSetStall
 .text.USB_EPClearStall
                0x0000000008006a30      0x15a Drivers/STM32F1xx_HAL_Driver/Src/stm32f1xx_ll_usb.o
                0x0000000008006a30                USB_EPClearStall
 .text.USB_SetDevAddress
                0x0000000008006b8a       0x26 Drivers/STM32F1xx_HAL_Driver/Src/stm32f1xx_ll_usb.o
                0x0000000008006b8a                USB_SetDevAddress
 .text.USB_DevConnect
                0x0000000008006bb0       0x14 Drivers/STM32F1xx_HAL_Driver/Src/stm32f1xx_ll_usb.o
                0x0000000008006bb0                USB_DevConnect
 .text.USB_DevDisconnect
                0x0000000008006bc4       0x14 Drivers/STM32F1xx_HAL_Driver/Src/stm32f1xx_ll_usb.o
                0x0000000008006bc4                USB_DevDisconnect
 .text.USB_ReadInterrupts
                0x0000000008006bd8       0x1e Drivers/STM32F1xx_HAL_Driver/Src/stm32f1xx_ll_usb.o
                0x0000000008006bd8                USB_ReadInterrupts
 .text.USB_EP0_OutStart
                0x0000000008006bf6       0x16 Drivers/STM32F1xx_HAL_Driver/Src/stm32f1xx_ll_usb.o
                0x0000000008006bf6                USB_EP0_OutStart
 .text.USB_WritePMA
                0x0000000008006c0c       0x8a Drivers/STM32F1xx_HAL_Driver/Src/stm32f1xx_ll_usb.o
                0x0000000008006c0c                USB_WritePMA
 .text.USB_ReadPMA
                0x0000000008006c96       0x9e Drivers/STM32F1xx_HAL_Driver/Src/stm32f1xx_ll_usb.o
                0x0000000008006c96                USB_ReadPMA
 .text.CPU_IntSrcPrioSet
                0x0000000008006d34      0x278 Micrium/Software/uC-CPU/ARM-Cortex-M/ARMv7-M/cpu_c.o
                0x0000000008006d34                CPU_IntSrcPrioSet
 .text.CPU_SW_Exception
                0x0000000008006fac        0x6 Micrium/Software/uC-CPU/cpu_core.o
                0x0000000008006fac                CPU_SW_Exception
 *fill*         0x0000000008006fb2        0x2 
 .text.OSDebugInit
                0x0000000008006fb4      0x1d8 Micrium/Software/uCOS-II/Ports/ARM-Cortex-M/ARMv7-M/GNU/os_dbg.o
                0x0000000008006fb4                OSDebugInit
 .text.OSInitHookBegin
                0x000000000800718c       0x68 Micrium/Software/uCOS-II/Ports/ARM-Cortex-M/ARMv7-M/os_cpu_c.o
                0x000000000800718c                OSInitHookBegin
 .text.OSInitHookEnd
                0x00000000080071f4        0xc Micrium/Software/uCOS-II/Ports/ARM-Cortex-M/ARMv7-M/os_cpu_c.o
                0x00000000080071f4                OSInitHookEnd
 .text.OSTaskCreateHook
                0x0000000008007200       0x16 Micrium/Software/uCOS-II/Ports/ARM-Cortex-M/ARMv7-M/os_cpu_c.o
                0x0000000008007200                OSTaskCreateHook
 .text.OSTaskDelHook
                0x0000000008007216       0x16 Micrium/Software/uCOS-II/Ports/ARM-Cortex-M/ARMv7-M/os_cpu_c.o
                0x0000000008007216                OSTaskDelHook
 .text.OSTaskIdleHook
                0x000000000800722c        0xc Micrium/Software/uCOS-II/Ports/ARM-Cortex-M/ARMv7-M/os_cpu_c.o
                0x000000000800722c                OSTaskIdleHook
 .text.OSTaskReturnHook
                0x0000000008007238       0x16 Micrium/Software/uCOS-II/Ports/ARM-Cortex-M/ARMv7-M/os_cpu_c.o
                0x0000000008007238                OSTaskReturnHook
 .text.OSTaskStatHook
                0x000000000800724e        0xc Micrium/Software/uCOS-II/Ports/ARM-Cortex-M/ARMv7-M/os_cpu_c.o
                0x000000000800724e                OSTaskStatHook
 *fill*         0x000000000800725a        0x2 
 .text.OSTaskStkInit
                0x000000000800725c      0x114 Micrium/Software/uCOS-II/Ports/ARM-Cortex-M/ARMv7-M/os_cpu_c.o
                0x000000000800725c                OSTaskStkInit
 .text.OSTaskSwHook
                0x0000000008007370        0xc Micrium/Software/uCOS-II/Ports/ARM-Cortex-M/ARMv7-M/os_cpu_c.o
                0x0000000008007370                OSTaskSwHook
 .text.OSTCBInitHook
                0x000000000800737c       0x16 Micrium/Software/uCOS-II/Ports/ARM-Cortex-M/ARMv7-M/os_cpu_c.o
                0x000000000800737c                OSTCBInitHook
 *fill*         0x0000000008007392        0x2 
 .text.OSTimeTickHook
                0x0000000008007394       0x30 Micrium/Software/uCOS-II/Ports/ARM-Cortex-M/ARMv7-M/os_cpu_c.o
                0x0000000008007394                OSTimeTickHook
 .text.OS_CPU_SysTickHandler
                0x00000000080073c4       0x28 Micrium/Software/uCOS-II/Ports/ARM-Cortex-M/ARMv7-M/os_cpu_c.o
                0x00000000080073c4                OS_CPU_SysTickHandler
 .text.OS_CPU_SysTickInitFreq
                0x00000000080073ec       0x28 Micrium/Software/uCOS-II/Ports/ARM-Cortex-M/ARMv7-M/os_cpu_c.o
                0x00000000080073ec                OS_CPU_SysTickInitFreq
 .text.OS_CPU_SysTickInit
                0x0000000008007414       0x60 Micrium/Software/uCOS-II/Ports/ARM-Cortex-M/ARMv7-M/os_cpu_c.o
                0x0000000008007414                OS_CPU_SysTickInit
 .text.OSEventNameSet
                0x0000000008007474       0x74 Micrium/Software/uCOS-II/Source/os_core.o
                0x0000000008007474                OSEventNameSet
 .text.OSInit   0x00000000080074e8       0x3c Micrium/Software/uCOS-II/Source/os_core.o
                0x00000000080074e8                OSInit
 .text.OSIntEnter
                0x0000000008007524       0x30 Micrium/Software/uCOS-II/Source/os_core.o
                0x0000000008007524                OSIntEnter
 .text.OSIntExit
                0x0000000008007554       0xa4 Micrium/Software/uCOS-II/Source/os_core.o
                0x0000000008007554                OSIntExit
 .text.OSSchedLock
                0x00000000080075f8       0x50 Micrium/Software/uCOS-II/Source/os_core.o
                0x00000000080075f8                OSSchedLock
 .text.OSSchedUnlock
                0x0000000008007648       0x74 Micrium/Software/uCOS-II/Source/os_core.o
                0x0000000008007648                OSSchedUnlock
 .text.OSStart  0x00000000080076bc       0x50 Micrium/Software/uCOS-II/Source/os_core.o
                0x00000000080076bc                OSStart
 .text.OSStatInit
                0x000000000800770c       0x5c Micrium/Software/uCOS-II/Source/os_core.o
                0x000000000800770c                OSStatInit
 .text.OSTimeTick
                0x0000000008007768      0x144 Micrium/Software/uCOS-II/Source/os_core.o
                0x0000000008007768                OSTimeTick
 .text.OS_Dummy
                0x00000000080078ac        0xc Micrium/Software/uCOS-II/Source/os_core.o
                0x00000000080078ac                OS_Dummy
 .text.OS_EventTaskRdy
                0x00000000080078b8       0xe4 Micrium/Software/uCOS-II/Source/os_core.o
                0x00000000080078b8                OS_EventTaskRdy
 .text.OS_EventTaskWait
                0x000000000800799c       0xac Micrium/Software/uCOS-II/Source/os_core.o
                0x000000000800799c                OS_EventTaskWait
 .text.OS_EventTaskRemove
                0x0000000008007a48       0x64 Micrium/Software/uCOS-II/Source/os_core.o
                0x0000000008007a48                OS_EventTaskRemove
 .text.OS_EventTaskRemoveMulti
                0x0000000008007aac       0x86 Micrium/Software/uCOS-II/Source/os_core.o
                0x0000000008007aac                OS_EventTaskRemoveMulti
 .text.OS_EventWaitListInit
                0x0000000008007b32       0x36 Micrium/Software/uCOS-II/Source/os_core.o
                0x0000000008007b32                OS_EventWaitListInit
 .text.OS_InitEventList
                0x0000000008007b68       0x94 Micrium/Software/uCOS-II/Source/os_core.o
 .text.OS_InitMisc
                0x0000000008007bfc       0x7c Micrium/Software/uCOS-II/Source/os_core.o
 .text.OS_InitRdyList
                0x0000000008007c78       0x60 Micrium/Software/uCOS-II/Source/os_core.o
 .text.OS_InitTaskIdle
                0x0000000008007cd8       0x4c Micrium/Software/uCOS-II/Source/os_core.o
 .text.OS_InitTaskStat
                0x0000000008007d24       0x4c Micrium/Software/uCOS-II/Source/os_core.o
 .text.OS_InitTCBList
                0x0000000008007d70       0x9c Micrium/Software/uCOS-II/Source/os_core.o
 .text.OS_MemClr
                0x0000000008007e0c       0x30 Micrium/Software/uCOS-II/Source/os_core.o
                0x0000000008007e0c                OS_MemClr
 .text.OS_Sched
                0x0000000008007e3c       0x84 Micrium/Software/uCOS-II/Source/os_core.o
                0x0000000008007e3c                OS_Sched
 .text.OS_SchedNew
                0x0000000008007ec0       0x48 Micrium/Software/uCOS-II/Source/os_core.o
 .text.OS_TaskIdle
                0x0000000008007f08       0x30 Micrium/Software/uCOS-II/Source/os_core.o
                0x0000000008007f08                OS_TaskIdle
 .text.OS_TaskStat
                0x0000000008007f38       0xf0 Micrium/Software/uCOS-II/Source/os_core.o
                0x0000000008007f38                OS_TaskStat
 .text.OS_TaskStatStkChk
                0x0000000008008028       0x68 Micrium/Software/uCOS-II/Source/os_core.o
                0x0000000008008028                OS_TaskStatStkChk
 .text.OS_TCBInit
                0x0000000008008090      0x1e8 Micrium/Software/uCOS-II/Source/os_core.o
                0x0000000008008090                OS_TCBInit
 .text.OS_FlagInit
                0x0000000008008278       0x84 Micrium/Software/uCOS-II/Source/os_flag.o
                0x0000000008008278                OS_FlagInit
 .text.OS_FlagUnlink
                0x00000000080082fc       0x5c Micrium/Software/uCOS-II/Source/os_flag.o
                0x00000000080082fc                OS_FlagUnlink
 .text.OSMboxCreate
                0x0000000008008358       0x78 Micrium/Software/uCOS-II/Source/os_mbox.o
                0x0000000008008358                OSMboxCreate
 .text.OSMboxPend
                0x00000000080083d0      0x150 Micrium/Software/uCOS-II/Source/os_mbox.o
                0x00000000080083d0                OSMboxPend
 .text.OSMboxPostOpt
                0x0000000008008520       0xb0 Micrium/Software/uCOS-II/Source/os_mbox.o
                0x0000000008008520                OSMboxPostOpt
 .text.OS_MemInit
                0x00000000080085d0       0x80 Micrium/Software/uCOS-II/Source/os_mem.o
                0x00000000080085d0                OS_MemInit
 .text.OS_QInit
                0x0000000008008650       0x78 Micrium/Software/uCOS-II/Source/os_q.o
                0x0000000008008650                OS_QInit
 .text.OSSemCreate
                0x00000000080086c8       0x7c Micrium/Software/uCOS-II/Source/os_sem.o
                0x00000000080086c8                OSSemCreate
 .text.OSSemPend
                0x0000000008008744      0x12c Micrium/Software/uCOS-II/Source/os_sem.o
                0x0000000008008744                OSSemPend
 .text.OSSemPost
                0x0000000008008870       0x7e Micrium/Software/uCOS-II/Source/os_sem.o
                0x0000000008008870                OSSemPost
 *fill*         0x00000000080088ee        0x2 
 .text.OSTaskCreateExt
                0x00000000080088f0       0xd8 Micrium/Software/uCOS-II/Source/os_task.o
                0x00000000080088f0                OSTaskCreateExt
 .text.OSTaskDel
                0x00000000080089c8      0x1f0 Micrium/Software/uCOS-II/Source/os_task.o
                0x00000000080089c8                OSTaskDel
 .text.OSTaskNameSet
                0x0000000008008bb8       0xb4 Micrium/Software/uCOS-II/Source/os_task.o
                0x0000000008008bb8                OSTaskNameSet
 .text.OSTaskResume
                0x0000000008008c6c       0xf8 Micrium/Software/uCOS-II/Source/os_task.o
                0x0000000008008c6c                OSTaskResume
 .text.OSTaskStkChk
                0x0000000008008d64       0xdc Micrium/Software/uCOS-II/Source/os_task.o
                0x0000000008008d64                OSTaskStkChk
 .text.OSTaskSuspend
                0x0000000008008e40      0x108 Micrium/Software/uCOS-II/Source/os_task.o
                0x0000000008008e40                OSTaskSuspend
 .text.OS_TaskReturn
                0x0000000008008f48       0x1c Micrium/Software/uCOS-II/Source/os_task.o
                0x0000000008008f48                OS_TaskReturn
 .text.OS_TaskStkClr
                0x0000000008008f64       0x44 Micrium/Software/uCOS-II/Source/os_task.o
                0x0000000008008f64                OS_TaskStkClr
 .text.OSTimeDly
                0x0000000008008fa8       0xa8 Micrium/Software/uCOS-II/Source/os_time.o
                0x0000000008008fa8                OSTimeDly
 .text.OSTimeDlyHMSM
                0x0000000008009050       0xc8 Micrium/Software/uCOS-II/Source/os_time.o
                0x0000000008009050                OSTimeDlyHMSM
 .text.OSTimeGet
                0x0000000008009118       0x2c Micrium/Software/uCOS-II/Source/os_time.o
                0x0000000008009118                OSTimeGet
 .text.OSTmrSignal
                0x0000000008009144       0x24 Micrium/Software/uCOS-II/Source/os_tmr.o
                0x0000000008009144                OSTmrSignal
 .text.OSTmr_Init
                0x0000000008009168      0x118 Micrium/Software/uCOS-II/Source/os_tmr.o
                0x0000000008009168                OSTmr_Init
 .text.OSTmr_InitTask
                0x0000000008009280       0x4c Micrium/Software/uCOS-II/Source/os_tmr.o
 .text.OSTmr_Link
                0x00000000080092cc       0xd4 Micrium/Software/uCOS-II/Source/os_tmr.o
 .text.OSTmr_Unlink
                0x00000000080093a0       0xa4 Micrium/Software/uCOS-II/Source/os_tmr.o
 .text.OSTmr_Task
                0x0000000008009444       0xc4 Micrium/Software/uCOS-II/Source/os_tmr.o
 .text.App_TaskCreateHook
                0x0000000008009508       0x12 Micrium/Template/OS2/app_hooks.o
                0x0000000008009508                App_TaskCreateHook
 .text.App_TaskDelHook
                0x000000000800951a       0x12 Micrium/Template/OS2/app_hooks.o
                0x000000000800951a                App_TaskDelHook
 .text.App_TaskIdleHook
                0x000000000800952c        0xc Micrium/Template/OS2/app_hooks.o
                0x000000000800952c                App_TaskIdleHook
 .text.App_TaskStatHook
                0x0000000008009538        0xc Micrium/Template/OS2/app_hooks.o
                0x0000000008009538                App_TaskStatHook
 .text.App_TaskReturnHook
                0x0000000008009544       0x12 Micrium/Template/OS2/app_hooks.o
                0x0000000008009544                App_TaskReturnHook
 .text.App_TaskSwHook
                0x0000000008009556        0xc Micrium/Template/OS2/app_hooks.o
                0x0000000008009556                App_TaskSwHook
 .text.App_TCBInitHook
                0x0000000008009562       0x12 Micrium/Template/OS2/app_hooks.o
                0x0000000008009562                App_TCBInitHook
 .text.App_TimeTickHook
                0x0000000008009574        0xc Micrium/Template/OS2/app_hooks.o
                0x0000000008009574                App_TimeTickHook
 .text.USBD_CDC_Init
                0x0000000008009580       0xf4 Middlewares/ST/STM32_USB_Device_Library/Class/CDC/Src/usbd_cdc.o
 .text.USBD_CDC_DeInit
                0x0000000008009674       0x6e Middlewares/ST/STM32_USB_Device_Library/Class/CDC/Src/usbd_cdc.o
 .text.USBD_CDC_Setup
                0x00000000080096e2      0x146 Middlewares/ST/STM32_USB_Device_Library/Class/CDC/Src/usbd_cdc.o
 .text.USBD_CDC_DataIn
                0x0000000008009828       0xa6 Middlewares/ST/STM32_USB_Device_Library/Class/CDC/Src/usbd_cdc.o
 .text.USBD_CDC_DataOut
                0x00000000080098ce       0x56 Middlewares/ST/STM32_USB_Device_Library/Class/CDC/Src/usbd_cdc.o
 .text.USBD_CDC_EP0_RxReady
                0x0000000008009924       0x50 Middlewares/ST/STM32_USB_Device_Library/Class/CDC/Src/usbd_cdc.o
 .text.USBD_CDC_GetFSCfgDesc
                0x0000000008009974       0x20 Middlewares/ST/STM32_USB_Device_Library/Class/CDC/Src/usbd_cdc.o
 .text.USBD_CDC_GetHSCfgDesc
                0x0000000008009994       0x20 Middlewares/ST/STM32_USB_Device_Library/Class/CDC/Src/usbd_cdc.o
 .text.USBD_CDC_GetOtherSpeedCfgDesc
                0x00000000080099b4       0x20 Middlewares/ST/STM32_USB_Device_Library/Class/CDC/Src/usbd_cdc.o
 .text.USBD_CDC_GetDeviceQualifierDescriptor
                0x00000000080099d4       0x20 Middlewares/ST/STM32_USB_Device_Library/Class/CDC/Src/usbd_cdc.o
                0x00000000080099d4                USBD_CDC_GetDeviceQualifierDescriptor
 .text.USBD_CDC_RegisterInterface
                0x00000000080099f4       0x2c Middlewares/ST/STM32_USB_Device_Library/Class/CDC/Src/usbd_cdc.o
                0x00000000080099f4                USBD_CDC_RegisterInterface
 .text.USBD_CDC_SetTxBuffer
                0x0000000008009a20       0x32 Middlewares/ST/STM32_USB_Device_Library/Class/CDC/Src/usbd_cdc.o
                0x0000000008009a20                USBD_CDC_SetTxBuffer
 .text.USBD_CDC_SetRxBuffer
                0x0000000008009a52       0x26 Middlewares/ST/STM32_USB_Device_Library/Class/CDC/Src/usbd_cdc.o
                0x0000000008009a52                USBD_CDC_SetRxBuffer
 .text.USBD_CDC_ReceivePacket
                0x0000000008009a78       0x54 Middlewares/ST/STM32_USB_Device_Library/Class/CDC/Src/usbd_cdc.o
                0x0000000008009a78                USBD_CDC_ReceivePacket
 .text.USBD_Init
                0x0000000008009acc       0x56 Middlewares/ST/STM32_USB_Device_Library/Core/Src/usbd_core.o
                0x0000000008009acc                USBD_Init
 .text.USBD_RegisterClass
                0x0000000008009b22       0x32 Middlewares/ST/STM32_USB_Device_Library/Core/Src/usbd_core.o
                0x0000000008009b22                USBD_RegisterClass
 .text.USBD_Start
                0x0000000008009b54       0x18 Middlewares/ST/STM32_USB_Device_Library/Core/Src/usbd_core.o
                0x0000000008009b54                USBD_Start
 .text.USBD_RunTestMode
                0x0000000008009b6c       0x14 Middlewares/ST/STM32_USB_Device_Library/Core/Src/usbd_core.o
                0x0000000008009b6c                USBD_RunTestMode
 .text.USBD_SetClassConfig
                0x0000000008009b80       0x3e Middlewares/ST/STM32_USB_Device_Library/Core/Src/usbd_core.o
                0x0000000008009b80                USBD_SetClassConfig
 .text.USBD_ClrClassConfig
                0x0000000008009bbe       0x26 Middlewares/ST/STM32_USB_Device_Library/Core/Src/usbd_core.o
                0x0000000008009bbe                USBD_ClrClassConfig
 .text.USBD_LL_SetupStage
                0x0000000008009be4       0x9a Middlewares/ST/STM32_USB_Device_Library/Core/Src/usbd_core.o
                0x0000000008009be4                USBD_LL_SetupStage
 .text.USBD_LL_DataOutStage
                0x0000000008009c7e       0xe2 Middlewares/ST/STM32_USB_Device_Library/Core/Src/usbd_core.o
                0x0000000008009c7e                USBD_LL_DataOutStage
 .text.USBD_LL_DataInStage
                0x0000000008009d60      0x14a Middlewares/ST/STM32_USB_Device_Library/Core/Src/usbd_core.o
                0x0000000008009d60                USBD_LL_DataInStage
 .text.USBD_LL_Reset
                0x0000000008009eaa       0x82 Middlewares/ST/STM32_USB_Device_Library/Core/Src/usbd_core.o
                0x0000000008009eaa                USBD_LL_Reset
 .text.USBD_LL_SetSpeed
                0x0000000008009f2c       0x1e Middlewares/ST/STM32_USB_Device_Library/Core/Src/usbd_core.o
                0x0000000008009f2c                USBD_LL_SetSpeed
 .text.USBD_LL_Suspend
                0x0000000008009f4a       0x28 Middlewares/ST/STM32_USB_Device_Library/Core/Src/usbd_core.o
                0x0000000008009f4a                USBD_LL_Suspend
 .text.USBD_LL_Resume
                0x0000000008009f72       0x2a Middlewares/ST/STM32_USB_Device_Library/Core/Src/usbd_core.o
                0x0000000008009f72                USBD_LL_Resume
 .text.USBD_LL_SOF
                0x0000000008009f9c       0x34 Middlewares/ST/STM32_USB_Device_Library/Core/Src/usbd_core.o
                0x0000000008009f9c                USBD_LL_SOF
 .text.USBD_StdDevReq
                0x0000000008009fd0       0xd4 Middlewares/ST/STM32_USB_Device_Library/Core/Src/usbd_ctlreq.o
                0x0000000008009fd0                USBD_StdDevReq
 .text.USBD_StdItfReq
                0x000000000800a0a4       0x90 Middlewares/ST/STM32_USB_Device_Library/Core/Src/usbd_ctlreq.o
                0x000000000800a0a4                USBD_StdItfReq
 .text.USBD_StdEPReq
                0x000000000800a134      0x2c6 Middlewares/ST/STM32_USB_Device_Library/Core/Src/usbd_ctlreq.o
                0x000000000800a134                USBD_StdEPReq
 *fill*         0x000000000800a3fa        0x2 
 .text.USBD_GetDescriptor
                0x000000000800a3fc      0x2d0 Middlewares/ST/STM32_USB_Device_Library/Core/Src/usbd_ctlreq.o
 .text.USBD_SetAddress
                0x000000000800a6cc       0x86 Middlewares/ST/STM32_USB_Device_Library/Core/Src/usbd_ctlreq.o
 *fill*         0x000000000800a752        0x2 
 .text.USBD_SetConfig
                0x000000000800a754      0x11c Middlewares/ST/STM32_USB_Device_Library/Core/Src/usbd_ctlreq.o
 .text.USBD_GetConfig
                0x000000000800a870       0x6a Middlewares/ST/STM32_USB_Device_Library/Core/Src/usbd_ctlreq.o
 .text.USBD_GetStatus
                0x000000000800a8da       0x66 Middlewares/ST/STM32_USB_Device_Library/Core/Src/usbd_ctlreq.o
 .text.USBD_SetFeature
                0x000000000800a940       0x28 Middlewares/ST/STM32_USB_Device_Library/Core/Src/usbd_ctlreq.o
 .text.USBD_ClrFeature
                0x000000000800a968       0x42 Middlewares/ST/STM32_USB_Device_Library/Core/Src/usbd_ctlreq.o
 .text.USBD_ParseSetupRequest
                0x000000000800a9aa       0x78 Middlewares/ST/STM32_USB_Device_Library/Core/Src/usbd_ctlreq.o
                0x000000000800a9aa                USBD_ParseSetupRequest
 .text.USBD_CtlError
                0x000000000800aa22       0x22 Middlewares/ST/STM32_USB_Device_Library/Core/Src/usbd_ctlreq.o
                0x000000000800aa22                USBD_CtlError
 .text.USBD_GetString
                0x000000000800aa44       0x84 Middlewares/ST/STM32_USB_Device_Library/Core/Src/usbd_ctlreq.o
                0x000000000800aa44                USBD_GetString
 .text.USBD_GetLen
                0x000000000800aac8       0x2e Middlewares/ST/STM32_USB_Device_Library/Core/Src/usbd_ctlreq.o
 .text.USBD_CtlSendData
                0x000000000800aaf6       0x38 Middlewares/ST/STM32_USB_Device_Library/Core/Src/usbd_ioreq.o
                0x000000000800aaf6                USBD_CtlSendData
 .text.USBD_CtlContinueSendData
                0x000000000800ab2e       0x24 Middlewares/ST/STM32_USB_Device_Library/Core/Src/usbd_ioreq.o
                0x000000000800ab2e                USBD_CtlContinueSendData
 .text.USBD_CtlPrepareRx
                0x000000000800ab52       0x3c Middlewares/ST/STM32_USB_Device_Library/Core/Src/usbd_ioreq.o
                0x000000000800ab52                USBD_CtlPrepareRx
 .text.USBD_CtlContinueRx
                0x000000000800ab8e       0x24 Middlewares/ST/STM32_USB_Device_Library/Core/Src/usbd_ioreq.o
                0x000000000800ab8e                USBD_CtlContinueRx
 .text.USBD_CtlSendStatus
                0x000000000800abb2       0x26 Middlewares/ST/STM32_USB_Device_Library/Core/Src/usbd_ioreq.o
                0x000000000800abb2                USBD_CtlSendStatus
 .text.USBD_CtlReceiveStatus
                0x000000000800abd8       0x26 Middlewares/ST/STM32_USB_Device_Library/Core/Src/usbd_ioreq.o
                0x000000000800abd8                USBD_CtlReceiveStatus
 *fill*         0x000000000800abfe        0x2 
 .text.MX_USB_DEVICE_Init
                0x000000000800ac00       0x60 USB_DEVICE/App/usb_device.o
                0x000000000800ac00                MX_USB_DEVICE_Init
 .text.CDC_Init_FS
                0x000000000800ac60       0x28 USB_DEVICE/App/usbd_cdc_if.o
 .text.CDC_DeInit_FS
                0x000000000800ac88        0xe USB_DEVICE/App/usbd_cdc_if.o
 *fill*         0x000000000800ac96        0x2 
 .text.CDC_Control_FS
                0x000000000800ac98       0xbc USB_DEVICE/App/usbd_cdc_if.o
 .text.CDC_Receive_FS
                0x000000000800ad54       0x28 USB_DEVICE/App/usbd_cdc_if.o
 .text.USBD_FS_DeviceDescriptor
                0x000000000800ad7c       0x24 USB_DEVICE/App/usbd_desc.o
                0x000000000800ad7c                USBD_FS_DeviceDescriptor
 .text.USBD_FS_LangIDStrDescriptor
                0x000000000800ada0       0x24 USB_DEVICE/App/usbd_desc.o
                0x000000000800ada0                USBD_FS_LangIDStrDescriptor
 .text.USBD_FS_ProductStrDescriptor
                0x000000000800adc4       0x3c USB_DEVICE/App/usbd_desc.o
                0x000000000800adc4                USBD_FS_ProductStrDescriptor
 .text.USBD_FS_ManufacturerStrDescriptor
                0x000000000800ae00       0x28 USB_DEVICE/App/usbd_desc.o
                0x000000000800ae00                USBD_FS_ManufacturerStrDescriptor
 .text.USBD_FS_SerialStrDescriptor
                0x000000000800ae28       0x24 USB_DEVICE/App/usbd_desc.o
                0x000000000800ae28                USBD_FS_SerialStrDescriptor
 .text.USBD_FS_ConfigStrDescriptor
                0x000000000800ae4c       0x3c USB_DEVICE/App/usbd_desc.o
                0x000000000800ae4c                USBD_FS_ConfigStrDescriptor
 .text.USBD_FS_InterfaceStrDescriptor
                0x000000000800ae88       0x3c USB_DEVICE/App/usbd_desc.o
                0x000000000800ae88                USBD_FS_InterfaceStrDescriptor
 .text.Get_SerialNum
                0x000000000800aec4       0x58 USB_DEVICE/App/usbd_desc.o
 .text.IntToUnicode
                0x000000000800af1c       0x7c USB_DEVICE/App/usbd_desc.o
 .text.HAL_PCD_MspInit
                0x000000000800af98       0x4c USB_DEVICE/Target/usbd_conf.o
                0x000000000800af98                HAL_PCD_MspInit
 .text.HAL_PCD_SetupStageCallback
                0x000000000800afe4       0x24 USB_DEVICE/Target/usbd_conf.o
                0x000000000800afe4                HAL_PCD_SetupStageCallback
 .text.HAL_PCD_DataOutStageCallback
                0x000000000800b008       0x36 USB_DEVICE/Target/usbd_conf.o
                0x000000000800b008                HAL_PCD_DataOutStageCallback
 .text.HAL_PCD_DataInStageCallback
                0x000000000800b03e       0x34 USB_DEVICE/Target/usbd_conf.o
                0x000000000800b03e                HAL_PCD_DataInStageCallback
 .text.HAL_PCD_SOFCallback
                0x000000000800b072       0x1c USB_DEVICE/Target/usbd_conf.o
                0x000000000800b072                HAL_PCD_SOFCallback
 .text.HAL_PCD_ResetCallback
                0x000000000800b08e       0x3c USB_DEVICE/Target/usbd_conf.o
                0x000000000800b08e                HAL_PCD_ResetCallback
 *fill*         0x000000000800b0ca        0x2 
 .text.HAL_PCD_SuspendCallback
                0x000000000800b0cc       0x34 USB_DEVICE/Target/usbd_conf.o
                0x000000000800b0cc                HAL_PCD_SuspendCallback
 .text.HAL_PCD_ResumeCallback
                0x000000000800b100       0x1c USB_DEVICE/Target/usbd_conf.o
                0x000000000800b100                HAL_PCD_ResumeCallback
 .text.USBD_LL_Init
                0x000000000800b11c       0xb4 USB_DEVICE/Target/usbd_conf.o
                0x000000000800b11c                USBD_LL_Init
 .text.USBD_LL_Start
                0x000000000800b1d0       0x36 USB_DEVICE/Target/usbd_conf.o
                0x000000000800b1d0                USBD_LL_Start
 .text.USBD_LL_OpenEP
                0x000000000800b206       0x4c USB_DEVICE/Target/usbd_conf.o
                0x000000000800b206                USBD_LL_OpenEP
 .text.USBD_LL_CloseEP
                0x000000000800b252       0x3e USB_DEVICE/Target/usbd_conf.o
                0x000000000800b252                USBD_LL_CloseEP
 .text.USBD_LL_StallEP
                0x000000000800b290       0x3e USB_DEVICE/Target/usbd_conf.o
                0x000000000800b290                USBD_LL_StallEP
 .text.USBD_LL_ClearStallEP
                0x000000000800b2ce       0x3e USB_DEVICE/Target/usbd_conf.o
                0x000000000800b2ce                USBD_LL_ClearStallEP
 .text.USBD_LL_IsStallEP
                0x000000000800b30c       0x58 USB_DEVICE/Target/usbd_conf.o
                0x000000000800b30c                USBD_LL_IsStallEP
 .text.USBD_LL_SetUSBAddress
                0x000000000800b364       0x3e USB_DEVICE/Target/usbd_conf.o
                0x000000000800b364                USBD_LL_SetUSBAddress
 .text.USBD_LL_Transmit
                0x000000000800b3a2       0x46 USB_DEVICE/Target/usbd_conf.o
                0x000000000800b3a2                USBD_LL_Transmit
 .text.USBD_LL_PrepareReceive
                0x000000000800b3e8       0x46 USB_DEVICE/Target/usbd_conf.o
                0x000000000800b3e8                USBD_LL_PrepareReceive
 .text.USBD_LL_GetRxDataSize
                0x000000000800b42e       0x26 USB_DEVICE/Target/usbd_conf.o
                0x000000000800b42e                USBD_LL_GetRxDataSize
 .text.USBD_static_malloc
                0x000000000800b454       0x18 USB_DEVICE/Target/usbd_conf.o
                0x000000000800b454                USBD_static_malloc
 .text.USBD_static_free
                0x000000000800b46c       0x12 USB_DEVICE/Target/usbd_conf.o
                0x000000000800b46c                USBD_static_free
 .text.HAL_PCDEx_SetConnectionState
                0x000000000800b47e       0x16 USB_DEVICE/Target/usbd_conf.o
                0x000000000800b47e                HAL_PCDEx_SetConnectionState
 .text.USBD_Get_USB_Status
                0x000000000800b494       0x58 USB_DEVICE/Target/usbd_conf.o
 .text.__libc_init_array
                0x000000000800b4ec       0x48 d:/st/stm32cubeide_1.6.0/stm32cubeide/plugins/com.st.stm32cube.ide.mcu.externaltools.gnu-tools-for-stm32.9-2020-q2-update.win32_1.5.0.202011040924/tools/bin/../lib/gcc/arm-none-eabi/9.3.1/../../../../arm-none-eabi/lib/thumb/v7-m/nofp\libc_nano.a(lib_a-init.o)
                0x000000000800b4ec                __libc_init_array
 .text.memset   0x000000000800b534       0x10 d:/st/stm32cubeide_1.6.0/stm32cubeide/plugins/com.st.stm32cube.ide.mcu.externaltools.gnu-tools-for-stm32.9-2020-q2-update.win32_1.5.0.202011040924/tools/bin/../lib/gcc/arm-none-eabi/9.3.1/../../../../arm-none-eabi/lib/thumb/v7-m/nofp\libc_nano.a(lib_a-memset.o)
                0x000000000800b534                memset
 *(.glue_7)
 .glue_7        0x000000000800b544        0x0 linker stubs
 *(.glue_7t)
 .glue_7t       0x000000000800b544        0x0 linker stubs
 *(.eh_frame)
 .eh_frame      0x000000000800b544        0x0 d:/st/stm32cubeide_1.6.0/stm32cubeide/plugins/com.st.stm32cube.ide.mcu.externaltools.gnu-tools-for-stm32.9-2020-q2-update.win32_1.5.0.202011040924/tools/bin/../lib/gcc/arm-none-eabi/9.3.1/thumb/v7-m/nofp/crtbegin.o
 *(.init)
 .init          0x000000000800b544        0x4 d:/st/stm32cubeide_1.6.0/stm32cubeide/plugins/com.st.stm32cube.ide.mcu.externaltools.gnu-tools-for-stm32.9-2020-q2-update.win32_1.5.0.202011040924/tools/bin/../lib/gcc/arm-none-eabi/9.3.1/thumb/v7-m/nofp/crti.o
                0x000000000800b544                _init
 .init          0x000000000800b548        0x8 d:/st/stm32cubeide_1.6.0/stm32cubeide/plugins/com.st.stm32cube.ide.mcu.externaltools.gnu-tools-for-stm32.9-2020-q2-update.win32_1.5.0.202011040924/tools/bin/../lib/gcc/arm-none-eabi/9.3.1/thumb/v7-m/nofp/crtn.o
 *(.fini)
 .fini          0x000000000800b550        0x4 d:/st/stm32cubeide_1.6.0/stm32cubeide/plugins/com.st.stm32cube.ide.mcu.externaltools.gnu-tools-for-stm32.9-2020-q2-update.win32_1.5.0.202011040924/tools/bin/../lib/gcc/arm-none-eabi/9.3.1/thumb/v7-m/nofp/crti.o
                0x000000000800b550                _fini
 .fini          0x000000000800b554        0x8 d:/st/stm32cubeide_1.6.0/stm32cubeide/plugins/com.st.stm32cube.ide.mcu.externaltools.gnu-tools-for-stm32.9-2020-q2-update.win32_1.5.0.202011040924/tools/bin/../lib/gcc/arm-none-eabi/9.3.1/thumb/v7-m/nofp/crtn.o
                0x000000000800b55c                . = ALIGN (0x4)
                0x000000000800b55c                _etext = .

.vfp11_veneer   0x000000000800b55c        0x0
 .vfp11_veneer  0x000000000800b55c        0x0 linker stubs

.v4_bx          0x000000000800b55c        0x0
 .v4_bx         0x000000000800b55c        0x0 linker stubs

.iplt           0x000000000800b55c        0x0
 .iplt          0x000000000800b55c        0x0 d:/st/stm32cubeide_1.6.0/stm32cubeide/plugins/com.st.stm32cube.ide.mcu.externaltools.gnu-tools-for-stm32.9-2020-q2-update.win32_1.5.0.202011040924/tools/bin/../lib/gcc/arm-none-eabi/9.3.1/thumb/v7-m/nofp/crtbegin.o

.rodata         0x000000000800b55c      0x2b4
                0x000000000800b55c                . = ALIGN (0x4)
 *(.rodata)
 .rodata        0x000000000800b55c        0x9 Core/Src/DIO.o
 *fill*         0x000000000800b565        0x3 
 .rodata        0x000000000800b568       0x3d Core/Src/app.o
 *fill*         0x000000000800b5a5        0x3 
 .rodata        0x000000000800b5a8        0xd Core/Src/main.o
 *fill*         0x000000000800b5b5        0x3 
 .rodata        0x000000000800b5b8       0x10 Drivers/STM32F1xx_HAL_Driver/Src/stm32f1xx_hal_rcc.o
 .rodata        0x000000000800b5c8       0x22 Micrium/Software/uCOS-II/Source/os_core.o
 *fill*         0x000000000800b5ea        0x2 
 .rodata        0x000000000800b5ec        0x2 Micrium/Software/uCOS-II/Source/os_flag.o
 *fill*         0x000000000800b5ee        0x2 
 .rodata        0x000000000800b5f0        0x2 Micrium/Software/uCOS-II/Source/os_mbox.o
 *fill*         0x000000000800b5f2        0x2 
 .rodata        0x000000000800b5f4        0x2 Micrium/Software/uCOS-II/Source/os_mem.o
 *fill*         0x000000000800b5f6        0x2 
 .rodata        0x000000000800b5f8        0x2 Micrium/Software/uCOS-II/Source/os_sem.o
 *fill*         0x000000000800b5fa        0x2 
 .rodata        0x000000000800b5fc        0x2 Micrium/Software/uCOS-II/Source/os_task.o
 *fill*         0x000000000800b5fe        0x2 
 .rodata        0x000000000800b600       0x39 Micrium/Software/uCOS-II/Source/os_tmr.o
 *fill*         0x000000000800b639        0x3 
 .rodata        0x000000000800b63c       0x46 USB_DEVICE/App/usbd_desc.o
 *(.rodata*)
 *fill*         0x000000000800b682        0x2 
 .rodata.AHBPrescTable
                0x000000000800b684       0x10 Core/Src/system_stm32f1xx.o
                0x000000000800b684                AHBPrescTable
 .rodata.APBPrescTable
                0x000000000800b694        0x8 Core/Src/system_stm32f1xx.o
                0x000000000800b694                APBPrescTable
 .rodata.OSDebugEn
                0x000000000800b69c        0x2 Micrium/Software/uCOS-II/Ports/ARM-Cortex-M/ARMv7-M/GNU/os_dbg.o
                0x000000000800b69c                OSDebugEn
 *fill*         0x000000000800b69e        0x2 
 .rodata.OSEndiannessTest
                0x000000000800b6a0        0x4 Micrium/Software/uCOS-II/Ports/ARM-Cortex-M/ARMv7-M/GNU/os_dbg.o
                0x000000000800b6a0                OSEndiannessTest
 .rodata.OSEventEn
                0x000000000800b6a4        0x2 Micrium/Software/uCOS-II/Ports/ARM-Cortex-M/ARMv7-M/GNU/os_dbg.o
                0x000000000800b6a4                OSEventEn
 .rodata.OSEventMax
                0x000000000800b6a6        0x2 Micrium/Software/uCOS-II/Ports/ARM-Cortex-M/ARMv7-M/GNU/os_dbg.o
                0x000000000800b6a6                OSEventMax
 .rodata.OSEventNameEn
                0x000000000800b6a8        0x2 Micrium/Software/uCOS-II/Ports/ARM-Cortex-M/ARMv7-M/GNU/os_dbg.o
                0x000000000800b6a8                OSEventNameEn
 .rodata.OSEventSize
                0x000000000800b6aa        0x2 Micrium/Software/uCOS-II/Ports/ARM-Cortex-M/ARMv7-M/GNU/os_dbg.o
                0x000000000800b6aa                OSEventSize
 .rodata.OSEventTblSize
                0x000000000800b6ac        0x2 Micrium/Software/uCOS-II/Ports/ARM-Cortex-M/ARMv7-M/GNU/os_dbg.o
                0x000000000800b6ac                OSEventTblSize
 .rodata.OSEventMultiEn
                0x000000000800b6ae        0x2 Micrium/Software/uCOS-II/Ports/ARM-Cortex-M/ARMv7-M/GNU/os_dbg.o
                0x000000000800b6ae                OSEventMultiEn
 .rodata.OSFlagEn
                0x000000000800b6b0        0x2 Micrium/Software/uCOS-II/Ports/ARM-Cortex-M/ARMv7-M/GNU/os_dbg.o
                0x000000000800b6b0                OSFlagEn
 .rodata.OSFlagGrpSize
                0x000000000800b6b2        0x2 Micrium/Software/uCOS-II/Ports/ARM-Cortex-M/ARMv7-M/GNU/os_dbg.o
                0x000000000800b6b2                OSFlagGrpSize
 .rodata.OSFlagNodeSize
                0x000000000800b6b4        0x2 Micrium/Software/uCOS-II/Ports/ARM-Cortex-M/ARMv7-M/GNU/os_dbg.o
                0x000000000800b6b4                OSFlagNodeSize
 .rodata.OSFlagWidth
                0x000000000800b6b6        0x2 Micrium/Software/uCOS-II/Ports/ARM-Cortex-M/ARMv7-M/GNU/os_dbg.o
                0x000000000800b6b6                OSFlagWidth
 .rodata.OSFlagMax
                0x000000000800b6b8        0x2 Micrium/Software/uCOS-II/Ports/ARM-Cortex-M/ARMv7-M/GNU/os_dbg.o
                0x000000000800b6b8                OSFlagMax
 .rodata.OSFlagNameEn
                0x000000000800b6ba        0x2 Micrium/Software/uCOS-II/Ports/ARM-Cortex-M/ARMv7-M/GNU/os_dbg.o
                0x000000000800b6ba                OSFlagNameEn
 .rodata.OSLowestPrio
                0x000000000800b6bc        0x2 Micrium/Software/uCOS-II/Ports/ARM-Cortex-M/ARMv7-M/GNU/os_dbg.o
                0x000000000800b6bc                OSLowestPrio
 .rodata.OSMboxEn
                0x000000000800b6be        0x2 Micrium/Software/uCOS-II/Ports/ARM-Cortex-M/ARMv7-M/GNU/os_dbg.o
                0x000000000800b6be                OSMboxEn
 .rodata.OSMemEn
                0x000000000800b6c0        0x2 Micrium/Software/uCOS-II/Ports/ARM-Cortex-M/ARMv7-M/GNU/os_dbg.o
                0x000000000800b6c0                OSMemEn
 .rodata.OSMemMax
                0x000000000800b6c2        0x2 Micrium/Software/uCOS-II/Ports/ARM-Cortex-M/ARMv7-M/GNU/os_dbg.o
                0x000000000800b6c2                OSMemMax
 .rodata.OSMemNameEn
                0x000000000800b6c4        0x2 Micrium/Software/uCOS-II/Ports/ARM-Cortex-M/ARMv7-M/GNU/os_dbg.o
                0x000000000800b6c4                OSMemNameEn
 .rodata.OSMemSize
                0x000000000800b6c6        0x2 Micrium/Software/uCOS-II/Ports/ARM-Cortex-M/ARMv7-M/GNU/os_dbg.o
                0x000000000800b6c6                OSMemSize
 .rodata.OSMemTblSize
                0x000000000800b6c8        0x2 Micrium/Software/uCOS-II/Ports/ARM-Cortex-M/ARMv7-M/GNU/os_dbg.o
                0x000000000800b6c8                OSMemTblSize
 .rodata.OSMutexEn
                0x000000000800b6ca        0x2 Micrium/Software/uCOS-II/Ports/ARM-Cortex-M/ARMv7-M/GNU/os_dbg.o
                0x000000000800b6ca                OSMutexEn
 .rodata.OSPtrSize
                0x000000000800b6cc        0x2 Micrium/Software/uCOS-II/Ports/ARM-Cortex-M/ARMv7-M/GNU/os_dbg.o
                0x000000000800b6cc                OSPtrSize
 .rodata.OSQEn  0x000000000800b6ce        0x2 Micrium/Software/uCOS-II/Ports/ARM-Cortex-M/ARMv7-M/GNU/os_dbg.o
                0x000000000800b6ce                OSQEn
 .rodata.OSQMax
                0x000000000800b6d0        0x2 Micrium/Software/uCOS-II/Ports/ARM-Cortex-M/ARMv7-M/GNU/os_dbg.o
                0x000000000800b6d0                OSQMax
 .rodata.OSQSize
                0x000000000800b6d2        0x2 Micrium/Software/uCOS-II/Ports/ARM-Cortex-M/ARMv7-M/GNU/os_dbg.o
                0x000000000800b6d2                OSQSize
 .rodata.OSRdyTblSize
                0x000000000800b6d4        0x2 Micrium/Software/uCOS-II/Ports/ARM-Cortex-M/ARMv7-M/GNU/os_dbg.o
                0x000000000800b6d4                OSRdyTblSize
 .rodata.OSSemEn
                0x000000000800b6d6        0x2 Micrium/Software/uCOS-II/Ports/ARM-Cortex-M/ARMv7-M/GNU/os_dbg.o
                0x000000000800b6d6                OSSemEn
 .rodata.OSStkWidth
                0x000000000800b6d8        0x2 Micrium/Software/uCOS-II/Ports/ARM-Cortex-M/ARMv7-M/GNU/os_dbg.o
                0x000000000800b6d8                OSStkWidth
 .rodata.OSTaskCreateEn
                0x000000000800b6da        0x2 Micrium/Software/uCOS-II/Ports/ARM-Cortex-M/ARMv7-M/GNU/os_dbg.o
                0x000000000800b6da                OSTaskCreateEn
 .rodata.OSTaskCreateExtEn
                0x000000000800b6dc        0x2 Micrium/Software/uCOS-II/Ports/ARM-Cortex-M/ARMv7-M/GNU/os_dbg.o
                0x000000000800b6dc                OSTaskCreateExtEn
 .rodata.OSTaskDelEn
                0x000000000800b6de        0x2 Micrium/Software/uCOS-II/Ports/ARM-Cortex-M/ARMv7-M/GNU/os_dbg.o
                0x000000000800b6de                OSTaskDelEn
 .rodata.OSTaskIdleStkSize
                0x000000000800b6e0        0x2 Micrium/Software/uCOS-II/Ports/ARM-Cortex-M/ARMv7-M/GNU/os_dbg.o
                0x000000000800b6e0                OSTaskIdleStkSize
 .rodata.OSTaskProfileEn
                0x000000000800b6e2        0x2 Micrium/Software/uCOS-II/Ports/ARM-Cortex-M/ARMv7-M/GNU/os_dbg.o
                0x000000000800b6e2                OSTaskProfileEn
 .rodata.OSTaskMax
                0x000000000800b6e4        0x2 Micrium/Software/uCOS-II/Ports/ARM-Cortex-M/ARMv7-M/GNU/os_dbg.o
                0x000000000800b6e4                OSTaskMax
 .rodata.OSTaskNameEn
                0x000000000800b6e6        0x2 Micrium/Software/uCOS-II/Ports/ARM-Cortex-M/ARMv7-M/GNU/os_dbg.o
                0x000000000800b6e6                OSTaskNameEn
 .rodata.OSTaskStatEn
                0x000000000800b6e8        0x2 Micrium/Software/uCOS-II/Ports/ARM-Cortex-M/ARMv7-M/GNU/os_dbg.o
                0x000000000800b6e8                OSTaskStatEn
 .rodata.OSTaskStatStkSize
                0x000000000800b6ea        0x2 Micrium/Software/uCOS-II/Ports/ARM-Cortex-M/ARMv7-M/GNU/os_dbg.o
                0x000000000800b6ea                OSTaskStatStkSize
 .rodata.OSTaskStatStkChkEn
                0x000000000800b6ec        0x2 Micrium/Software/uCOS-II/Ports/ARM-Cortex-M/ARMv7-M/GNU/os_dbg.o
                0x000000000800b6ec                OSTaskStatStkChkEn
 .rodata.OSTaskSwHookEn
                0x000000000800b6ee        0x2 Micrium/Software/uCOS-II/Ports/ARM-Cortex-M/ARMv7-M/GNU/os_dbg.o
                0x000000000800b6ee                OSTaskSwHookEn
 .rodata.OSTCBPrioTblMax
                0x000000000800b6f0        0x2 Micrium/Software/uCOS-II/Ports/ARM-Cortex-M/ARMv7-M/GNU/os_dbg.o
                0x000000000800b6f0                OSTCBPrioTblMax
 .rodata.OSTCBSize
                0x000000000800b6f2        0x2 Micrium/Software/uCOS-II/Ports/ARM-Cortex-M/ARMv7-M/GNU/os_dbg.o
                0x000000000800b6f2                OSTCBSize
 .rodata.OSTicksPerSec
                0x000000000800b6f4        0x2 Micrium/Software/uCOS-II/Ports/ARM-Cortex-M/ARMv7-M/GNU/os_dbg.o
                0x000000000800b6f4                OSTicksPerSec
 .rodata.OSTimeTickHookEn
                0x000000000800b6f6        0x2 Micrium/Software/uCOS-II/Ports/ARM-Cortex-M/ARMv7-M/GNU/os_dbg.o
                0x000000000800b6f6                OSTimeTickHookEn
 .rodata.OSVersionNbr
                0x000000000800b6f8        0x2 Micrium/Software/uCOS-II/Ports/ARM-Cortex-M/ARMv7-M/GNU/os_dbg.o
                0x000000000800b6f8                OSVersionNbr
 .rodata.OSTmrEn
                0x000000000800b6fa        0x2 Micrium/Software/uCOS-II/Ports/ARM-Cortex-M/ARMv7-M/GNU/os_dbg.o
                0x000000000800b6fa                OSTmrEn
 .rodata.OSTmrCfgMax
                0x000000000800b6fc        0x2 Micrium/Software/uCOS-II/Ports/ARM-Cortex-M/ARMv7-M/GNU/os_dbg.o
                0x000000000800b6fc                OSTmrCfgMax
 .rodata.OSTmrCfgNameEn
                0x000000000800b6fe        0x2 Micrium/Software/uCOS-II/Ports/ARM-Cortex-M/ARMv7-M/GNU/os_dbg.o
                0x000000000800b6fe                OSTmrCfgNameEn
 .rodata.OSTmrCfgWheelSize
                0x000000000800b700        0x2 Micrium/Software/uCOS-II/Ports/ARM-Cortex-M/ARMv7-M/GNU/os_dbg.o
                0x000000000800b700                OSTmrCfgWheelSize
 .rodata.OSTmrCfgTicksPerSec
                0x000000000800b702        0x2 Micrium/Software/uCOS-II/Ports/ARM-Cortex-M/ARMv7-M/GNU/os_dbg.o
                0x000000000800b702                OSTmrCfgTicksPerSec
 .rodata.OSTmrSize
                0x000000000800b704        0x2 Micrium/Software/uCOS-II/Ports/ARM-Cortex-M/ARMv7-M/GNU/os_dbg.o
                0x000000000800b704                OSTmrSize
 .rodata.OSTmrTblSize
                0x000000000800b706        0x2 Micrium/Software/uCOS-II/Ports/ARM-Cortex-M/ARMv7-M/GNU/os_dbg.o
                0x000000000800b706                OSTmrTblSize
 .rodata.OSTmrWheelSize
                0x000000000800b708        0x2 Micrium/Software/uCOS-II/Ports/ARM-Cortex-M/ARMv7-M/GNU/os_dbg.o
                0x000000000800b708                OSTmrWheelSize
 .rodata.OSTmrWheelTblSize
                0x000000000800b70a        0x2 Micrium/Software/uCOS-II/Ports/ARM-Cortex-M/ARMv7-M/GNU/os_dbg.o
                0x000000000800b70a                OSTmrWheelTblSize
 .rodata.OSDataSize
                0x000000000800b70c        0x2 Micrium/Software/uCOS-II/Ports/ARM-Cortex-M/ARMv7-M/GNU/os_dbg.o
                0x000000000800b70c                OSDataSize
 *fill*         0x000000000800b70e        0x2 
 .rodata.OSUnMapTbl
                0x000000000800b710      0x100 Micrium/Software/uCOS-II/Source/os_core.o
                0x000000000800b710                OSUnMapTbl
                0x000000000800b810                . = ALIGN (0x4)

.rel.dyn        0x000000000800b810        0x0
 .rel.iplt      0x000000000800b810        0x0 d:/st/stm32cubeide_1.6.0/stm32cubeide/plugins/com.st.stm32cube.ide.mcu.externaltools.gnu-tools-for-stm32.9-2020-q2-update.win32_1.5.0.202011040924/tools/bin/../lib/gcc/arm-none-eabi/9.3.1/thumb/v7-m/nofp/crtbegin.o

.ARM.extab      0x000000000800b810        0x0
                0x000000000800b810                . = ALIGN (0x4)
 *(.ARM.extab* .gnu.linkonce.armextab.*)
                0x000000000800b810                . = ALIGN (0x4)

.ARM            0x000000000800b810        0x0
                0x000000000800b810                . = ALIGN (0x4)
                0x000000000800b810                __exidx_start = .
 *(.ARM.exidx*)
                0x000000000800b810                __exidx_end = .
                0x000000000800b810                . = ALIGN (0x4)

.preinit_array  0x000000000800b810        0x0
                0x000000000800b810                . = ALIGN (0x4)
                0x000000000800b810                PROVIDE (__preinit_array_start = .)
 *(.preinit_array*)
                0x000000000800b810                PROVIDE (__preinit_array_end = .)
                0x000000000800b810                . = ALIGN (0x4)

.init_array     0x000000000800b810        0x4
                0x000000000800b810                . = ALIGN (0x4)
                0x000000000800b810                PROVIDE (__init_array_start = .)
 *(SORT_BY_NAME(.init_array.*))
 *(.init_array*)
 .init_array    0x000000000800b810        0x4 d:/st/stm32cubeide_1.6.0/stm32cubeide/plugins/com.st.stm32cube.ide.mcu.externaltools.gnu-tools-for-stm32.9-2020-q2-update.win32_1.5.0.202011040924/tools/bin/../lib/gcc/arm-none-eabi/9.3.1/thumb/v7-m/nofp/crtbegin.o
                0x000000000800b814                PROVIDE (__init_array_end = .)
                0x000000000800b814                . = ALIGN (0x4)

.fini_array     0x000000000800b814        0x4
                0x000000000800b814                . = ALIGN (0x4)
                [!provide]                        PROVIDE (__fini_array_start = .)
 *(SORT_BY_NAME(.fini_array.*))
 *(.fini_array*)
 .fini_array    0x000000000800b814        0x4 d:/st/stm32cubeide_1.6.0/stm32cubeide/plugins/com.st.stm32cube.ide.mcu.externaltools.gnu-tools-for-stm32.9-2020-q2-update.win32_1.5.0.202011040924/tools/bin/../lib/gcc/arm-none-eabi/9.3.1/thumb/v7-m/nofp/crtbegin.o
                [!provide]                        PROVIDE (__fini_array_end = .)
                0x000000000800b818                . = ALIGN (0x4)
                0x000000000800b818                _sidata = LOADADDR (.data)

.data           0x0000000020000000      0x278 load address 0x000000000800b818
                0x0000000020000000                . = ALIGN (0x4)
                0x0000000020000000                _sdata = .
 *(.data)
 *(.data*)
 .data.taps.8124
                0x0000000020000000      0x100 Core/Src/app.o
 .data.SystemCoreClock
                0x0000000020000100        0x4 Core/Src/system_stm32f1xx.o
                0x0000000020000100                SystemCoreClock
 .data.uwTickPrio
                0x0000000020000104        0x4 Drivers/STM32F1xx_HAL_Driver/Src/stm32f1xx_hal.o
                0x0000000020000104                uwTickPrio
 .data.USBD_CDC_DeviceQualifierDesc
                0x0000000020000108        0xa Middlewares/ST/STM32_USB_Device_Library/Class/CDC/Src/usbd_cdc.o
 *fill*         0x0000000020000112        0x2 
 .data.USBD_CDC
                0x0000000020000114       0x38 Middlewares/ST/STM32_USB_Device_Library/Class/CDC/Src/usbd_cdc.o
                0x0000000020000114                USBD_CDC
 .data.USBD_CDC_CfgHSDesc
                0x000000002000014c       0x43 Middlewares/ST/STM32_USB_Device_Library/Class/CDC/Src/usbd_cdc.o
                0x000000002000014c                USBD_CDC_CfgHSDesc
 *fill*         0x000000002000018f        0x1 
 .data.USBD_CDC_CfgFSDesc
                0x0000000020000190       0x43 Middlewares/ST/STM32_USB_Device_Library/Class/CDC/Src/usbd_cdc.o
                0x0000000020000190                USBD_CDC_CfgFSDesc
 *fill*         0x00000000200001d3        0x1 
 .data.USBD_CDC_OtherSpeedCfgDesc
                0x00000000200001d4       0x43 Middlewares/ST/STM32_USB_Device_Library/Class/CDC/Src/usbd_cdc.o
                0x00000000200001d4                USBD_CDC_OtherSpeedCfgDesc
 *fill*         0x0000000020000217        0x1 
 .data.USBD_Interface_fops_FS
                0x0000000020000218       0x10 USB_DEVICE/App/usbd_cdc_if.o
                0x0000000020000218                USBD_Interface_fops_FS
 .data.FS_Desc  0x0000000020000228       0x1c USB_DEVICE/App/usbd_desc.o
                0x0000000020000228                FS_Desc
 .data.USBD_FS_DeviceDesc
                0x0000000020000244       0x12 USB_DEVICE/App/usbd_desc.o
                0x0000000020000244                USBD_FS_DeviceDesc
 *fill*         0x0000000020000256        0x2 
 .data.USBD_LangIDDesc
                0x0000000020000258        0x4 USB_DEVICE/App/usbd_desc.o
                0x0000000020000258                USBD_LangIDDesc
 .data.USBD_StringSerial
                0x000000002000025c       0x1a USB_DEVICE/App/usbd_desc.o
                0x000000002000025c                USBD_StringSerial
                0x0000000020000278                . = ALIGN (0x4)
 *fill*         0x0000000020000276        0x2 
                0x0000000020000278                _edata = .

.igot.plt       0x0000000020000278        0x0 load address 0x000000000800ba90
 .igot.plt      0x0000000020000278        0x0 d:/st/stm32cubeide_1.6.0/stm32cubeide/plugins/com.st.stm32cube.ide.mcu.externaltools.gnu-tools-for-stm32.9-2020-q2-update.win32_1.5.0.202011040924/tools/bin/../lib/gcc/arm-none-eabi/9.3.1/thumb/v7-m/nofp/crtbegin.o
                0x0000000020000278                . = ALIGN (0x4)

.bss            0x0000000020000278     0x3c40 load address 0x000000000800ba90
                0x0000000020000278                _sbss = .
                0x0000000020000278                __bss_start__ = _sbss
 *(.bss)
 .bss           0x0000000020000278       0x1c d:/st/stm32cubeide_1.6.0/stm32cubeide/plugins/com.st.stm32cube.ide.mcu.externaltools.gnu-tools-for-stm32.9-2020-q2-update.win32_1.5.0.202011040924/tools/bin/../lib/gcc/arm-none-eabi/9.3.1/thumb/v7-m/nofp/crtbegin.o
 *(.bss*)
 .bss.DIOTaskStk
                0x0000000020000294      0x400 Core/Src/DIO.o
 .bss.KbchecktaskStk
                0x0000000020000694      0x200 Core/Src/app.o
 .bss.Seq1TaskStk
                0x0000000020000894      0x200 Core/Src/app.o
 .bss.Seq2TaskStk
                0x0000000020000a94      0x200 Core/Src/app.o
 .bss.Seq3TaskStk
                0x0000000020000c94      0x200 Core/Src/app.o
 .bss.StatshowtaskStk
                0x0000000020000e94      0x200 Core/Src/app.o
 .bss.sin_counter.8123
                0x0000000020001094        0x1 Core/Src/app.o
 .bss.first_cap.8132
                0x0000000020001095        0x1 Core/Src/app.o
 *fill*         0x0000000020001096        0x2 
 .bss.IC_Value1.8128
                0x0000000020001098        0x4 Core/Src/app.o
 .bss.IC_Value2.8129
                0x000000002000109c        0x4 Core/Src/app.o
 .bss.Difference.8130
                0x00000000200010a0        0x4 Core/Src/app.o
 .bss.Frequency.8131
                0x00000000200010a4        0x4 Core/Src/app.o
 .bss.OSTmrCtr  0x00000000200010a8        0x2 Micrium/Software/uCOS-II/Ports/ARM-Cortex-M/ARMv7-M/os_cpu_c.o
 .bss.cfgidx.8230
                0x00000000200010aa        0x1 Middlewares/ST/STM32_USB_Device_Library/Core/Src/usbd_ctlreq.o
 *fill*         0x00000000200010ab        0x1 
 .bss.mem.8300  0x00000000200010ac      0x220 USB_DEVICE/Target/usbd_conf.o
 *(COMMON)
 COMMON         0x00000000200012cc      0x1ec Core/Src/DIO.o
                0x00000000200012cc                DOSyncCtr
                0x00000000200012cd                DOSyncCtrMax
                0x00000000200012d0                DITbl
                0x0000000020001350                DOTbl
 COMMON         0x00000000200014b8       0x98 Core/Src/app.o
                0x00000000200014b8                htim4
                0x0000000020001500                htim3
                0x0000000020001548                statusMbox
                0x000000002000154c                measuredfreqMbox
 COMMON         0x0000000020001550      0x20c Core/Src/main.o
                0x0000000020001550                sin_gen_freq
                0x0000000020001552                seq_number
                0x0000000020001554                StartupTaskStk
                0x0000000020001754                measured_freq
                0x0000000020001758                output_mode
                0x000000002000175a                frequencymeter_en
 COMMON         0x000000002000175c      0x408 Micrium/Software/uCOS-II/Ports/ARM-Cortex-M/ARMv7-M/os_cpu_c.o
                0x000000002000175c                OS_CPU_ExceptStkBase
                0x0000000020001760                OS_KA_BASEPRI_Boundary
                0x0000000020001764                OS_CPU_ExceptStk
 COMMON         0x0000000020001b64     0x13d4 Micrium/Software/uCOS-II/Source/os_core.o
                0x0000000020001b64                OSTmrFreeList
                0x0000000020001b68                OSTmrWheelTbl
                0x0000000020001ba0                OSLockNesting
                0x0000000020001ba4                OSTmrSemSignal
                0x0000000020001ba8                OSTaskRegNextAvailID
                0x0000000020001ba9                OSRunning
                0x0000000020001bac                OSIdleCtr
                0x0000000020001bb0                OSTmrUsed
                0x0000000020001bb2                OSPrioHighRdy
                0x0000000020001bb4                OSFlagTbl
                0x0000000020001c04                OSTmrTbl
                0x0000000020001e84                OSPrioCur
                0x0000000020001e88                OSTCBList
                0x0000000020001e8c                OSMemTbl
                0x0000000020001f04                OSTickStepState
                0x0000000020001f08                OSTaskStatStk
                0x0000000020002108                OSCtxSwCtr
                0x000000002000210c                OSTmrFree
                0x0000000020002110                OSIdleCtrMax
                0x0000000020002114                OSTCBFreeList
                0x0000000020002118                OSCPUUsage
                0x0000000020002119                OSTaskCtr
                0x000000002000211c                OSMemFreeList
                0x0000000020002120                OSQTbl
                0x0000000020002180                OSTCBHighRdy
                0x0000000020002184                OSQFreeList
                0x0000000020002188                OSRdyGrp
                0x000000002000218c                OSRdyTbl
                0x0000000020002194                OSTmrTaskStk
                0x0000000020002394                OSEventFreeList
                0x0000000020002398                OSIntNesting
                0x000000002000239c                OSTCBCur
                0x00000000200023a0                OSTmrTime
                0x00000000200023a4                OSTime
                0x00000000200023a8                OSTmrSem
                0x00000000200023ac                OSTaskIdleStk
                0x00000000200025ac                OSEventTbl
                0x000000002000269c                OSTCBTbl
                0x0000000020002e2c                OSFlagFreeList
                0x0000000020002e30                OSStatRdy
                0x0000000020002e34                OSTCBPrioTbl
                0x0000000020002f34                OSIdleCtrRun
 COMMON         0x0000000020002f38      0x2c4 USB_DEVICE/App/usb_device.o
                0x0000000020002f38                hUsbDeviceFS
 COMMON         0x00000000200031fc      0x7d0 USB_DEVICE/App/usbd_cdc_if.o
                0x00000000200031fc                UserRxBufferFS
                0x00000000200035e4                UserTxBufferFS
 COMMON         0x00000000200039cc      0x200 USB_DEVICE/App/usbd_desc.o
                0x00000000200039cc                USBD_StrDesc
 COMMON         0x0000000020003bcc      0x2ec USB_DEVICE/Target/usbd_conf.o
                0x0000000020003bcc                hpcd_USB_FS
                0x0000000020003eb8                . = ALIGN (0x4)
                0x0000000020003eb8                _ebss = .
                0x0000000020003eb8                __bss_end__ = _ebss

._user_heap_stack
                0x0000000020003eb8      0x600 load address 0x000000000800ba90
                0x0000000020003eb8                . = ALIGN (0x8)
                0x0000000020003eb8                PROVIDE (end = .)
                [!provide]                        PROVIDE (_end = .)
                0x00000000200040b8                . = (. + _Min_Heap_Size)
 *fill*         0x0000000020003eb8      0x200 
                0x00000000200044b8                . = (. + _Min_Stack_Size)
 *fill*         0x00000000200040b8      0x400 
                0x00000000200044b8                . = ALIGN (0x8)

/DISCARD/
 libc.a(*)
 libm.a(*)
 libgcc.a(*)

.ARM.attributes
                0x0000000000000000       0x29
 *(.ARM.attributes)
 .ARM.attributes
                0x0000000000000000       0x1d d:/st/stm32cubeide_1.6.0/stm32cubeide/plugins/com.st.stm32cube.ide.mcu.externaltools.gnu-tools-for-stm32.9-2020-q2-update.win32_1.5.0.202011040924/tools/bin/../lib/gcc/arm-none-eabi/9.3.1/thumb/v7-m/nofp/crti.o
 .ARM.attributes
                0x000000000000001d       0x2d d:/st/stm32cubeide_1.6.0/stm32cubeide/plugins/com.st.stm32cube.ide.mcu.externaltools.gnu-tools-for-stm32.9-2020-q2-update.win32_1.5.0.202011040924/tools/bin/../lib/gcc/arm-none-eabi/9.3.1/thumb/v7-m/nofp/crtbegin.o
 .ARM.attributes
                0x000000000000004a       0x2d Core/Src/DIO.o
 .ARM.attributes
                0x0000000000000077       0x2d Core/Src/app.o
 .ARM.attributes
                0x00000000000000a4       0x2d Core/Src/main.o
 .ARM.attributes
                0x00000000000000d1       0x2d Core/Src/stm32f1xx_hal_msp.o
 .ARM.attributes
                0x00000000000000fe       0x2d Core/Src/stm32f1xx_it.o
 .ARM.attributes
                0x000000000000012b       0x2d Core/Src/system_stm32f1xx.o
 .ARM.attributes
                0x0000000000000158       0x21 Core/Startup/startup_stm32f103c8tx.o
 .ARM.attributes
                0x0000000000000179       0x2d Drivers/STM32F1xx_HAL_Driver/Src/stm32f1xx_hal.o
 .ARM.attributes
                0x00000000000001a6       0x2d Drivers/STM32F1xx_HAL_Driver/Src/stm32f1xx_hal_cortex.o
 .ARM.attributes
                0x00000000000001d3       0x2d Drivers/STM32F1xx_HAL_Driver/Src/stm32f1xx_hal_gpio.o
 .ARM.attributes
                0x0000000000000200       0x2d Drivers/STM32F1xx_HAL_Driver/Src/stm32f1xx_hal_pcd.o
 .ARM.attributes
                0x000000000000022d       0x2d Drivers/STM32F1xx_HAL_Driver/Src/stm32f1xx_hal_pcd_ex.o
 .ARM.attributes
                0x000000000000025a       0x2d Drivers/STM32F1xx_HAL_Driver/Src/stm32f1xx_hal_rcc.o
 .ARM.attributes
                0x0000000000000287       0x2d Drivers/STM32F1xx_HAL_Driver/Src/stm32f1xx_hal_rcc_ex.o
 .ARM.attributes
                0x00000000000002b4       0x2d Drivers/STM32F1xx_HAL_Driver/Src/stm32f1xx_hal_tim.o
 .ARM.attributes
                0x00000000000002e1       0x2d Drivers/STM32F1xx_HAL_Driver/Src/stm32f1xx_hal_tim_ex.o
 .ARM.attributes
                0x000000000000030e       0x2d Drivers/STM32F1xx_HAL_Driver/Src/stm32f1xx_ll_usb.o
 .ARM.attributes
                0x000000000000033b       0x1b Micrium/Software/uC-CPU/ARM-Cortex-M/ARMv7-M/GNU/cpu_a.o
 .ARM.attributes
                0x0000000000000356       0x2d Micrium/Software/uC-CPU/ARM-Cortex-M/ARMv7-M/cpu_c.o
 .ARM.attributes
                0x0000000000000383       0x2d Micrium/Software/uC-CPU/cpu_core.o
 .ARM.attributes
                0x00000000000003b0       0x1b Micrium/Software/uCOS-II/Ports/ARM-Cortex-M/ARMv7-M/GNU/os_cpu_a.o
 .ARM.attributes
                0x00000000000003cb       0x2d Micrium/Software/uCOS-II/Ports/ARM-Cortex-M/ARMv7-M/GNU/os_dbg.o
 .ARM.attributes
                0x00000000000003f8       0x2d Micrium/Software/uCOS-II/Ports/ARM-Cortex-M/ARMv7-M/os_cpu_c.o
 .ARM.attributes
                0x0000000000000425       0x2d Micrium/Software/uCOS-II/Source/os_core.o
 .ARM.attributes
                0x0000000000000452       0x2d Micrium/Software/uCOS-II/Source/os_flag.o
 .ARM.attributes
                0x000000000000047f       0x2d Micrium/Software/uCOS-II/Source/os_mbox.o
 .ARM.attributes
                0x00000000000004ac       0x2d Micrium/Software/uCOS-II/Source/os_mem.o
 .ARM.attributes
                0x00000000000004d9       0x2d Micrium/Software/uCOS-II/Source/os_q.o
 .ARM.attributes
                0x0000000000000506       0x2d Micrium/Software/uCOS-II/Source/os_sem.o
 .ARM.attributes
                0x0000000000000533       0x2d Micrium/Software/uCOS-II/Source/os_task.o
 .ARM.attributes
                0x0000000000000560       0x2d Micrium/Software/uCOS-II/Source/os_time.o
 .ARM.attributes
                0x000000000000058d       0x2d Micrium/Software/uCOS-II/Source/os_tmr.o
 .ARM.attributes
                0x00000000000005ba       0x2d Micrium/Template/OS2/app_hooks.o
 .ARM.attributes
                0x00000000000005e7       0x2d Middlewares/ST/STM32_USB_Device_Library/Class/CDC/Src/usbd_cdc.o
 .ARM.attributes
                0x0000000000000614       0x2d Middlewares/ST/STM32_USB_Device_Library/Core/Src/usbd_core.o
 .ARM.attributes
                0x0000000000000641       0x2d Middlewares/ST/STM32_USB_Device_Library/Core/Src/usbd_ctlreq.o
 .ARM.attributes
                0x000000000000066e       0x2d Middlewares/ST/STM32_USB_Device_Library/Core/Src/usbd_ioreq.o
 .ARM.attributes
                0x000000000000069b       0x2d USB_DEVICE/App/usb_device.o
 .ARM.attributes
                0x00000000000006c8       0x2d USB_DEVICE/App/usbd_cdc_if.o
 .ARM.attributes
                0x00000000000006f5       0x2d USB_DEVICE/App/usbd_desc.o
 .ARM.attributes
                0x0000000000000722       0x2d USB_DEVICE/Target/usbd_conf.o
 .ARM.attributes
                0x000000000000074f       0x2d d:/st/stm32cubeide_1.6.0/stm32cubeide/plugins/com.st.stm32cube.ide.mcu.externaltools.gnu-tools-for-stm32.9-2020-q2-update.win32_1.5.0.202011040924/tools/bin/../lib/gcc/arm-none-eabi/9.3.1/../../../../arm-none-eabi/lib/thumb/v7-m/nofp\libc_nano.a(lib_a-init.o)
 .ARM.attributes